Archive member included to satisfy reference by file (symbol)

c:/program files (x86)/gnu arm embedded toolchain/10 2021.10/bin/../lib/gcc/arm-none-eabi/10.3.1/../../../../arm-none-eabi/lib/thumb/v7e-m+fp/hard\libc_nano.a(lib_a-exit.o)
                              c:/program files (x86)/gnu arm embedded toolchain/10 2021.10/bin/../lib/gcc/arm-none-eabi/10.3.1/../../../../arm-none-eabi/lib/thumb/v7e-m+fp/hard/crt0.o (exit)
c:/program files (x86)/gnu arm embedded toolchain/10 2021.10/bin/../lib/gcc/arm-none-eabi/10.3.1/../../../../arm-none-eabi/lib/thumb/v7e-m+fp/hard\libc_nano.a(lib_a-impure.o)
                              c:/program files (x86)/gnu arm embedded toolchain/10 2021.10/bin/../lib/gcc/arm-none-eabi/10.3.1/../../../../arm-none-eabi/lib/thumb/v7e-m+fp/hard\libc_nano.a(lib_a-exit.o) (_global_impure_ptr)
c:/program files (x86)/gnu arm embedded toolchain/10 2021.10/bin/../lib/gcc/arm-none-eabi/10.3.1/../../../../arm-none-eabi/lib/thumb/v7e-m+fp/hard\libc_nano.a(lib_a-init.o)
                              c:/program files (x86)/gnu arm embedded toolchain/10 2021.10/bin/../lib/gcc/arm-none-eabi/10.3.1/../../../../arm-none-eabi/lib/thumb/v7e-m+fp/hard/crt0.o (__libc_init_array)
c:/program files (x86)/gnu arm embedded toolchain/10 2021.10/bin/../lib/gcc/arm-none-eabi/10.3.1/../../../../arm-none-eabi/lib/thumb/v7e-m+fp/hard\libc_nano.a(lib_a-memcpy-stub.o)
                              build/queue.o (memcpy)
c:/program files (x86)/gnu arm embedded toolchain/10 2021.10/bin/../lib/gcc/arm-none-eabi/10.3.1/../../../../arm-none-eabi/lib/thumb/v7e-m+fp/hard\libc_nano.a(lib_a-memset.o)
                              c:/program files (x86)/gnu arm embedded toolchain/10 2021.10/bin/../lib/gcc/arm-none-eabi/10.3.1/../../../../arm-none-eabi/lib/thumb/v7e-m+fp/hard/crt0.o (memset)
c:/program files (x86)/gnu arm embedded toolchain/10 2021.10/bin/../lib/gcc/arm-none-eabi/10.3.1/../../../../arm-none-eabi/lib/thumb/v7e-m+fp/hard\libnosys.a(_exit.o)
                              c:/program files (x86)/gnu arm embedded toolchain/10 2021.10/bin/../lib/gcc/arm-none-eabi/10.3.1/../../../../arm-none-eabi/lib/thumb/v7e-m+fp/hard\libc_nano.a(lib_a-exit.o) (_exit)
c:/program files (x86)/gnu arm embedded toolchain/10 2021.10/bin/../lib/gcc/arm-none-eabi/10.3.1/thumb/v7e-m+fp/hard\libgcc.a(_aeabi_uldivmod.o)
                              build/stm32f4xx_hal_rcc.o (__aeabi_uldivmod)
c:/program files (x86)/gnu arm embedded toolchain/10 2021.10/bin/../lib/gcc/arm-none-eabi/10.3.1/thumb/v7e-m+fp/hard\libgcc.a(_udivmoddi4.o)
                              c:/program files (x86)/gnu arm embedded toolchain/10 2021.10/bin/../lib/gcc/arm-none-eabi/10.3.1/thumb/v7e-m+fp/hard\libgcc.a(_aeabi_uldivmod.o) (__udivmoddi4)
c:/program files (x86)/gnu arm embedded toolchain/10 2021.10/bin/../lib/gcc/arm-none-eabi/10.3.1/thumb/v7e-m+fp/hard\libgcc.a(_dvmd_tls.o)
                              c:/program files (x86)/gnu arm embedded toolchain/10 2021.10/bin/../lib/gcc/arm-none-eabi/10.3.1/thumb/v7e-m+fp/hard\libgcc.a(_aeabi_uldivmod.o) (__aeabi_ldiv0)

Discarded input sections

 .text          0x00000000        0x0 c:/program files (x86)/gnu arm embedded toolchain/10 2021.10/bin/../lib/gcc/arm-none-eabi/10.3.1/thumb/v7e-m+fp/hard/crti.o
 .data          0x00000000        0x0 c:/program files (x86)/gnu arm embedded toolchain/10 2021.10/bin/../lib/gcc/arm-none-eabi/10.3.1/thumb/v7e-m+fp/hard/crti.o
 .bss           0x00000000        0x0 c:/program files (x86)/gnu arm embedded toolchain/10 2021.10/bin/../lib/gcc/arm-none-eabi/10.3.1/thumb/v7e-m+fp/hard/crti.o
 .data          0x00000000        0x4 c:/program files (x86)/gnu arm embedded toolchain/10 2021.10/bin/../lib/gcc/arm-none-eabi/10.3.1/thumb/v7e-m+fp/hard/crtbegin.o
 .rodata        0x00000000       0x24 c:/program files (x86)/gnu arm embedded toolchain/10 2021.10/bin/../lib/gcc/arm-none-eabi/10.3.1/thumb/v7e-m+fp/hard/crtbegin.o
 .text          0x00000000       0x7c c:/program files (x86)/gnu arm embedded toolchain/10 2021.10/bin/../lib/gcc/arm-none-eabi/10.3.1/../../../../arm-none-eabi/lib/thumb/v7e-m+fp/hard/crt0.o
 .data          0x00000000        0x0 c:/program files (x86)/gnu arm embedded toolchain/10 2021.10/bin/../lib/gcc/arm-none-eabi/10.3.1/../../../../arm-none-eabi/lib/thumb/v7e-m+fp/hard/crt0.o
 .bss           0x00000000        0x0 c:/program files (x86)/gnu arm embedded toolchain/10 2021.10/bin/../lib/gcc/arm-none-eabi/10.3.1/../../../../arm-none-eabi/lib/thumb/v7e-m+fp/hard/crt0.o
 .ARM.extab     0x00000000        0x0 c:/program files (x86)/gnu arm embedded toolchain/10 2021.10/bin/../lib/gcc/arm-none-eabi/10.3.1/../../../../arm-none-eabi/lib/thumb/v7e-m+fp/hard/crt0.o
 .ARM.exidx     0x00000000       0x10 c:/program files (x86)/gnu arm embedded toolchain/10 2021.10/bin/../lib/gcc/arm-none-eabi/10.3.1/../../../../arm-none-eabi/lib/thumb/v7e-m+fp/hard/crt0.o
 .ARM.attributes
[...]
Memory Configuration

Name             Origin             Length             Attributes
RAM              0x20000000         0x00030000         xrw
CCMRAM           0x10000000         0x00010000         xrw
FLASH            0x08000000         0x00200000         xr
*default*        0x00000000         0xffffffff

Linker script and memory map

LOAD c:/program files (x86)/gnu arm embedded toolchain/10 2021.10/bin/../lib/gcc/arm-none-eabi/10.3.1/thumb/v7e-m+fp/hard/crti.o
LOAD c:/program files (x86)/gnu arm embedded toolchain/10 2021.10/bin/../lib/gcc/arm-none-eabi/10.3.1/thumb/v7e-m+fp/hard/crtbegin.o
LOAD c:/program files (x86)/gnu arm embedded toolchain/10 2021.10/bin/../lib/gcc/arm-none-eabi/10.3.1/../../../../arm-none-eabi/lib/thumb/v7e-m+fp/hard/crt0.o
LOAD build/main.o
LOAD build/freertos.o
LOAD build/stm32f4xx_it.o
LOAD build/stm32f4xx_hal_msp.o
LOAD build/stm32f4xx_hal_timebase_tim.o
LOAD build/stm32f4xx_hal_rcc.o
LOAD build/stm32f4xx_hal_rcc_ex.o
LOAD build/stm32f4xx_hal_flash.o
LOAD build/stm32f4xx_hal_flash_ex.o
LOAD build/stm32f4xx_hal_flash_ramfunc.o
LOAD build/stm32f4xx_hal_gpio.o
LOAD build/stm32f4xx_hal_dma_ex.o
LOAD build/stm32f4xx_hal_dma.o
LOAD build/stm32f4xx_hal_pwr.o
LOAD build/stm32f4xx_hal_pwr_ex.o
LOAD build/stm32f4xx_hal_cortex.o
LOAD build/stm32f4xx_hal.o
LOAD build/stm32f4xx_hal_exti.o
LOAD build/stm32f4xx_hal_ltdc.o
LOAD build/stm32f4xx_hal_ltdc_ex.o
LOAD build/stm32f4xx_hal_dsi.o
LOAD build/stm32f4xx_hal_rtc.o
LOAD build/stm32f4xx_hal_rtc_ex.o
LOAD build/stm32f4xx_hal_tim.o
LOAD build/stm32f4xx_hal_tim_ex.o
LOAD build/stm32f4xx_hal_wwdg.o
LOAD build/system_stm32f4xx.o
LOAD build/croutine.o
LOAD build/event_groups.o
LOAD build/list.o
LOAD build/queue.o
LOAD build/stream_buffer.o
LOAD build/tasks.o
LOAD build/timers.o
LOAD build/cmsis_os2.o
LOAD build/heap_4.o
LOAD build/port.o
LOAD build/stm32f4xx_hal_adc.o
LOAD build/stm32f4xx_hal_adc_ex.o
LOAD build/stm32f4xx_ll_adc.o
LOAD build/stm32f4xx_hal_rng.o
LOAD build/startup_stm32f429xx.o
LOAD c:/program files (x86)/gnu arm embedded toolchain/10 2021.10/bin/../lib/gcc/arm-none-eabi/10.3.1/../../../../arm-none-eabi/lib/thumb/v7e-m+fp/hard\libc_nano.a
LOAD c:/program files (x86)/gnu arm embedded toolchain/10 2021.10/bin/../lib/gcc/arm-none-eabi/10.3.1/../../../../arm-none-eabi/lib/thumb/v7e-m+fp/hard\libm.a
LOAD c:/program files (x86)/gnu arm embedded toolchain/10 2021.10/bin/../lib/gcc/arm-none-eabi/10.3.1/../../../../arm-none-eabi/lib/thumb/v7e-m+fp/hard\libnosys.a
START GROUP
LOAD c:/program files (x86)/gnu arm embedded toolchain/10 2021.10/bin/../lib/gcc/arm-none-eabi/10.3.1/thumb/v7e-m+fp/hard\libgcc.a
LOAD c:/program files (x86)/gnu arm embedded toolchain/10 2021.10/bin/../lib/gcc/arm-none-eabi/10.3.1/../../../../arm-none-eabi/lib/thumb/v7e-m+fp/hard\libc_nano.a
END GROUP
START GROUP
LOAD c:/program files (x86)/gnu arm embedded toolchain/10 2021.10/bin/../lib/gcc/arm-none-eabi/10.3.1/thumb/v7e-m+fp/hard\libgcc.a
LOAD c:/program files (x86)/gnu arm embedded toolchain/10 2021.10/bin/../lib/gcc/arm-none-eabi/10.3.1/../../../../arm-none-eabi/lib/thumb/v7e-m+fp/hard\libc_nano.a
END GROUP
LOAD c:/program files (x86)/gnu arm embedded toolchain/10 2021.10/bin/../lib/gcc/arm-none-eabi/10.3.1/thumb/v7e-m+fp/hard/crtend.o
LOAD c:/program files (x86)/gnu arm embedded toolchain/10 2021.10/bin/../lib/gcc/arm-none-eabi/10.3.1/thumb/v7e-m+fp/hard/crtn.o
                0x20030000                _estack = (ORIGIN (RAM) + LENGTH (RAM))
                0x00000200                _Min_Heap_Size = 0x200
                0x00000400                _Min_Stack_Size = 0x400

.isr_vector     0x08000000      0x1ac
                0x08000000                . = ALIGN (0x4)
 *(.isr_vector)
 .isr_vector    0x08000000      0x1ac build/startup_stm32f429xx.o
                0x08000000                g_pfnVectors
                0x080001ac                . = ALIGN (0x4)

.text           0x080001b0     0x42a0
                0x080001b0                . = ALIGN (0x4)
 *(.text)
 .text          0x080001b0       0x40 c:/program files (x86)/gnu arm embedded toolchain/10 2021.10/bin/../lib/gcc/arm-none-eabi/10.3.1/thumb/v7e-m+fp/hard/crtbegin.o
 .text          0x080001f0       0x30 c:/program files (x86)/gnu arm embedded toolchain/10 2021.10/bin/../lib/gcc/arm-none-eabi/10.3.1/thumb/v7e-m+fp/hard\libgcc.a(_aeabi_uldivmod.o)
                0x080001f0                __aeabi_uldivmod
 .text          0x08000220      0x2d0 c:/program files (x86)/gnu arm embedded toolchain/10 2021.10/bin/../lib/gcc/arm-none-eabi/10.3.1/thumb/v7e-m+fp/hard\libgcc.a(_udivmoddi4.o)
                0x08000220                __udivmoddi4
 .text          0x080004f0        0x4 c:/program files (x86)/gnu arm embedded toolchain/10 2021.10/bin/../lib/gcc/arm-none-eabi/10.3.1/thumb/v7e-m+fp/hard\libgcc.a(_dvmd_tls.o)
                0x080004f0                __aeabi_idiv0
                0x080004f0                __aeabi_ldiv0
 *(.text*)
 .text.MX_GPIO_Init
                0x080004f4       0xd0 build/main.o
 .text.StartDefaultTask
                0x080005c4        0xa build/main.o
                0x080005c4                StartDefaultTask
 *fill*         0x080005ce        0x2 
 .text.HAL_TIM_PeriodElapsedCallback
                0x080005d0       0x18 build/main.o
                0x080005d0                HAL_TIM_PeriodElapsedCallback
 .text.Error_Handler
                0x080005e8        0x4 build/main.o
                0x080005e8                Error_Handler
 .text.MX_LTDC_Init
                0x080005ec       0xf0 build/main.o
 .text.MX_RTC_Init
                0x080006dc       0x84 build/main.o
 .text.MX_WWDG_Init
                0x08000760       0x28 build/main.o
 .text.MX_RNG_Init
                0x08000788       0x1c build/main.o
 .text.MX_ADC1_Init
                0x080007a4       0x6c build/main.o
 .text.SystemClock_Config
                0x08000810       0xa0 build/main.o
                0x08000810                SystemClock_Config
 .text.main     0x080008b0       0x48 build/main.o
                0x080008b0                main
 .text.NMI_Handler
                0x080008f8        0x2 build/stm32f4xx_it.o
                0x080008f8                NMI_Handler
 .text.HardFault_Handler
                0x080008fa        0x2 build/stm32f4xx_it.o
                0x080008fa                HardFault_Handler
 .text.MemManage_Handler
                0x080008fc        0x2 build/stm32f4xx_it.o
                0x080008fc                MemManage_Handler
 .text.BusFault_Handler
                0x080008fe        0x2 build/stm32f4xx_it.o
                0x080008fe                BusFault_Handler
 .text.UsageFault_Handler
                0x08000900        0x2 build/stm32f4xx_it.o
                0x08000900                UsageFault_Handler
 .text.DebugMon_Handler
                0x08000902        0x2 build/stm32f4xx_it.o
                0x08000902                DebugMon_Handler
 .text.ADC_IRQHandler
                0x08000904       0x10 build/stm32f4xx_it.o
                0x08000904                ADC_IRQHandler
 .text.TIM1_UP_TIM10_IRQHandler
                0x08000914       0x10 build/stm32f4xx_it.o
                0x08000914                TIM1_UP_TIM10_IRQHandler
 .text.HASH_RNG_IRQHandler
                0x08000924       0x10 build/stm32f4xx_it.o
                0x08000924                HASH_RNG_IRQHandler
 .text.HAL_MspInit
                0x08000934       0x44 build/stm32f4xx_hal_msp.o
                0x08000934                HAL_MspInit
 .text.HAL_ADC_MspInit
                0x08000978       0x40 build/stm32f4xx_hal_msp.o
                0x08000978                HAL_ADC_MspInit
 .text.HAL_LTDC_MspInit
                0x080009b8      0x198 build/stm32f4xx_hal_msp.o
                0x080009b8                HAL_LTDC_MspInit
 .text.HAL_RNG_MspInit
                0x08000b50       0x44 build/stm32f4xx_hal_msp.o
                0x08000b50                HAL_RNG_MspInit
 .text.HAL_RTC_MspInit
                0x08000b94       0x48 build/stm32f4xx_hal_msp.o
                0x08000b94                HAL_RTC_MspInit
 .text.HAL_WWDG_MspInit
                0x08000bdc       0x30 build/stm32f4xx_hal_msp.o
                0x08000bdc                HAL_WWDG_MspInit
 .text.HAL_InitTick
                0x08000c0c       0x98 build/stm32f4xx_hal_timebase_tim.o
                0x08000c0c                HAL_InitTick
 .text.HAL_RCC_OscConfig
                0x08000ca4      0x3f8 build/stm32f4xx_hal_rcc.o
                0x08000ca4                HAL_RCC_OscConfig
 .text.HAL_RCC_GetSysClockFreq
                0x0800109c       0xa4 build/stm32f4xx_hal_rcc.o
                0x0800109c                HAL_RCC_GetSysClockFreq
 .text.HAL_RCC_ClockConfig
                0x08001140      0x160 build/stm32f4xx_hal_rcc.o
                0x08001140                HAL_RCC_ClockConfig
 .text.HAL_RCC_GetHCLKFreq
                0x080012a0        0xc build/stm32f4xx_hal_rcc.o
                0x080012a0                HAL_RCC_GetHCLKFreq
 .text.HAL_RCC_GetPCLK2Freq
                0x080012ac       0x20 build/stm32f4xx_hal_rcc.o
                0x080012ac                HAL_RCC_GetPCLK2Freq
 .text.HAL_RCC_GetClockConfig
                0x080012cc       0x3c build/stm32f4xx_hal_rcc.o
                0x080012cc                HAL_RCC_GetClockConfig
 .text.HAL_RCCEx_PeriphCLKConfig
                0x08001308      0x284 build/stm32f4xx_hal_rcc_ex.o
                0x08001308                HAL_RCCEx_PeriphCLKConfig
 .text.HAL_GPIO_Init
                0x0800158c      0x1fc build/stm32f4xx_hal_gpio.o
                0x0800158c                HAL_GPIO_Init
 .text.HAL_GPIO_WritePin
                0x08001788        0xc build/stm32f4xx_hal_gpio.o
                0x08001788                HAL_GPIO_WritePin
 .text.HAL_NVIC_SetPriorityGrouping
                0x08001794       0x24 build/stm32f4xx_hal_cortex.o
                0x08001794                HAL_NVIC_SetPriorityGrouping
 .text.HAL_NVIC_SetPriority
                0x080017b8       0x70 build/stm32f4xx_hal_cortex.o
                0x080017b8                HAL_NVIC_SetPriority
 .text.HAL_NVIC_EnableIRQ
                0x08001828       0x1c build/stm32f4xx_hal_cortex.o
                0x08001828                HAL_NVIC_EnableIRQ
 .text.HAL_Init
                0x08001844       0x34 build/stm32f4xx_hal.o
                0x08001844                HAL_Init
 .text.HAL_IncTick
                0x08001878       0x18 build/stm32f4xx_hal.o
                0x08001878                HAL_IncTick
 .text.HAL_GetTick
                0x08001890        0xc build/stm32f4xx_hal.o
                0x08001890                HAL_GetTick
 .text.LTDC_SetConfig
                0x0800189c      0x1b2 build/stm32f4xx_hal_ltdc.o
 *fill*         0x08001a4e        0x2 
 .text.HAL_LTDC_Init
                0x08001a50       0xf4 build/stm32f4xx_hal_ltdc.o
                0x08001a50                HAL_LTDC_Init
 .text.HAL_LTDC_ConfigLayer
                0x08001b44       0x68 build/stm32f4xx_hal_ltdc.o
                0x08001b44                HAL_LTDC_ConfigLayer
 .text.HAL_RTC_WaitForSynchro
                0x08001bac       0x32 build/stm32f4xx_hal_rtc.o
                0x08001bac                HAL_RTC_WaitForSynchro
 .text.RTC_EnterInitMode
                0x08001bde       0x46 build/stm32f4xx_hal_rtc.o
                0x08001bde                RTC_EnterInitMode
 .text.RTC_ExitInitMode
                0x08001c24       0x2a build/stm32f4xx_hal_rtc.o
                0x08001c24                RTC_ExitInitMode
 .text.HAL_RTC_Init
                0x08001c4e       0x8c build/stm32f4xx_hal_rtc.o
                0x08001c4e                HAL_RTC_Init
 .text.RTC_ByteToBcd2
                0x08001cda       0x18 build/stm32f4xx_hal_rtc.o
                0x08001cda                RTC_ByteToBcd2
 .text.HAL_RTC_SetTime
                0x08001cf2       0xbe build/stm32f4xx_hal_rtc.o
                0x08001cf2                HAL_RTC_SetTime
 .text.HAL_RTC_SetDate
                0x08001db0       0x9c build/stm32f4xx_hal_rtc.o
                0x08001db0                HAL_RTC_SetDate
 .text.HAL_TIM_Base_MspInit
                0x08001e4c        0x2 build/stm32f4xx_hal_tim.o
                0x08001e4c                HAL_TIM_Base_MspInit
 *fill*         0x08001e4e        0x2 
 .text.HAL_TIM_Base_Start_IT
                0x08001e50       0x88 build/stm32f4xx_hal_tim.o
                0x08001e50                HAL_TIM_Base_Start_IT
 .text.HAL_TIM_OC_DelayElapsedCallback
                0x08001ed8        0x2 build/stm32f4xx_hal_tim.o
                0x08001ed8                HAL_TIM_OC_DelayElapsedCallback
 .text.HAL_TIM_IC_CaptureCallback
                0x08001eda        0x2 build/stm32f4xx_hal_tim.o
                0x08001eda                HAL_TIM_IC_CaptureCallback
 .text.HAL_TIM_PWM_PulseFinishedCallback
                0x08001edc        0x2 build/stm32f4xx_hal_tim.o
                0x08001edc                HAL_TIM_PWM_PulseFinishedCallback
 .text.HAL_TIM_TriggerCallback
                0x08001ede        0x2 build/stm32f4xx_hal_tim.o
                0x08001ede                HAL_TIM_TriggerCallback
 .text.HAL_TIM_IRQHandler
                0x08001ee0      0x17a build/stm32f4xx_hal_tim.o
                0x08001ee0                HAL_TIM_IRQHandler
 *fill*         0x0800205a        0x2 
 .text.TIM_Base_SetConfig
                0x0800205c       0xc8 build/stm32f4xx_hal_tim.o
                0x0800205c                TIM_Base_SetConfig
 .text.HAL_TIM_Base_Init
                0x08002124       0x58 build/stm32f4xx_hal_tim.o
                0x08002124                HAL_TIM_Base_Init
 .text.HAL_TIMEx_CommutCallback
                0x0800217c        0x2 build/stm32f4xx_hal_tim_ex.o
                0x0800217c                HAL_TIMEx_CommutCallback
 .text.HAL_TIMEx_BreakCallback
                0x0800217e        0x2 build/stm32f4xx_hal_tim_ex.o
                0x0800217e                HAL_TIMEx_BreakCallback
 .text.HAL_WWDG_Init
                0x08002180       0x2a build/stm32f4xx_hal_wwdg.o
                0x08002180                HAL_WWDG_Init
 *fill*         0x080021aa        0x2 
 .text.SystemInit
                0x080021ac       0x14 build/system_stm32f4xx.o
                0x080021ac                SystemInit
 .text.vListInitialise
                0x080021c0       0x16 build/list.o
                0x080021c0                vListInitialise
 .text.vListInitialiseItem
                0x080021d6        0x6 build/list.o
                0x080021d6                vListInitialiseItem
 .text.vListInsertEnd
                0x080021dc       0x16 build/list.o
                0x080021dc                vListInsertEnd
 .text.vListInsert
                0x080021f2       0x32 build/list.o
                0x080021f2                vListInsert
 .text.uxListRemove
                0x08002224       0x26 build/list.o
                0x08002224                uxListRemove
 .text.prvIsQueueFull
                0x0800224a       0x1e build/queue.o
 .text.prvIsQueueEmpty
                0x08002268       0x1a build/queue.o
 .text.prvCopyDataToQueue
                0x08002282       0x76 build/queue.o
 .text.prvCopyDataFromQueue
                0x080022f8       0x24 build/queue.o
 .text.prvUnlockQueue
                0x0800231c       0x6e build/queue.o
 .text.xQueueGenericReset
                0x0800238a       0x84 build/queue.o
                0x0800238a                xQueueGenericReset
 .text.prvInitialiseNewQueue
                0x0800240e       0x22 build/queue.o
 .text.xQueueGenericCreateStatic
                0x08002430       0x94 build/queue.o
                0x08002430                xQueueGenericCreateStatic
 .text.xQueueGenericSend
                0x080024c4      0x188 build/queue.o
                0x080024c4                xQueueGenericSend
 .text.xQueueGenericSendFromISR
                0x0800264c       0xce build/queue.o
                0x0800264c                xQueueGenericSendFromISR
 .text.xQueueReceive
                0x0800271a      0x15e build/queue.o
                0x0800271a                xQueueReceive
 .text.vQueueAddToRegistry
                0x08002878       0x28 build/queue.o
                0x08002878                vQueueAddToRegistry
 .text.vQueueWaitForMessageRestricted
                0x080028a0       0x52 build/queue.o
                0x080028a0                vQueueWaitForMessageRestricted
 *fill*         0x080028f2        0x2 
 .text.prvResetNextTaskUnblockTime
                0x080028f4       0x2c build/tasks.o
 .text.prvInitialiseNewTask
                0x08002920       0xa6 build/tasks.o
 *fill*         0x080029c6        0x2 
 .text.prvInitialiseTaskLists
                0x080029c8       0x68 build/tasks.o
 .text.prvAddNewTaskToReadyList
                0x08002a30       0xac build/tasks.o
 .text.prvDeleteTCB
                0x08002adc       0x38 build/tasks.o
 .text.prvCheckTasksWaitingTermination
                0x08002b14       0x4c build/tasks.o
 .text.prvIdleTask
                0x08002b60       0x28 build/tasks.o
 .text.prvAddCurrentTaskToDelayedList
                0x08002b88       0x7c build/tasks.o
 .text.xTaskCreateStatic
                0x08002c04       0x76 build/tasks.o
                0x08002c04                xTaskCreateStatic
 .text.xTaskCreate
                0x08002c7a       0x68 build/tasks.o
                0x08002c7a                xTaskCreate
 *fill*         0x08002ce2        0x2 
 .text.vTaskStartScheduler
                0x08002ce4       0x9c build/tasks.o
                0x08002ce4                vTaskStartScheduler
 .text.vTaskSuspendAll
                0x08002d80       0x10 build/tasks.o
                0x08002d80                vTaskSuspendAll
 .text.xTaskGetTickCount
                0x08002d90        0xc build/tasks.o
                0x08002d90                xTaskGetTickCount
 .text.xTaskIncrementTick
                0x08002d9c      0x118 build/tasks.o
                0x08002d9c                xTaskIncrementTick
 .text.xTaskResumeAll
                0x08002eb4       0xf8 build/tasks.o
                0x08002eb4                xTaskResumeAll
 .text.vTaskDelay
                0x08002fac       0x4c build/tasks.o
                0x08002fac                vTaskDelay
 .text.vTaskSwitchContext
                0x08002ff8       0x94 build/tasks.o
                0x08002ff8                vTaskSwitchContext
 .text.vTaskPlaceOnEventList
                0x0800308c       0x30 build/tasks.o
                0x0800308c                vTaskPlaceOnEventList
 .text.vTaskPlaceOnEventListRestricted
                0x080030bc       0x38 build/tasks.o
                0x080030bc                vTaskPlaceOnEventListRestricted
 .text.xTaskRemoveFromEventList
                0x080030f4       0x8c build/tasks.o
                0x080030f4                xTaskRemoveFromEventList
 .text.vTaskInternalSetTimeOutState
                0x08003180       0x18 build/tasks.o
                0x08003180                vTaskInternalSetTimeOutState
 .text.xTaskCheckForTimeOut
                0x08003198       0x84 build/tasks.o
                0x08003198                xTaskCheckForTimeOut
 .text.vTaskMissedYield
                0x0800321c        0xc build/tasks.o
                0x0800321c                vTaskMissedYield
 .text.xTaskGetSchedulerState
                0x08003228       0x20 build/tasks.o
                0x08003228                xTaskGetSchedulerState
 .text.xTaskPriorityDisinherit
                0x08003248       0x90 build/tasks.o
                0x08003248                xTaskPriorityDisinherit
 .text.prvGetNextExpireTime
                0x080032d8       0x20 build/timers.o
 .text.prvInsertTimerInActiveList
                0x080032f8       0x48 build/timers.o
 .text.prvCheckForValidListAndQueue
                0x08003340       0x70 build/timers.o
 .text.xTimerCreateTimerTask
                0x080033b0       0x64 build/timers.o
                0x080033b0                xTimerCreateTimerTask
 .text.xTimerGenericCommand
                0x08003414       0x6c build/timers.o
                0x08003414                xTimerGenericCommand
 .text.prvSwitchTimerLists
                0x08003480       0x7c build/timers.o
 .text.prvSampleTimeNow
                0x080034fc       0x2c build/timers.o
 .text.prvProcessExpiredTimer
                0x08003528       0x6c build/timers.o
 .text.prvProcessTimerOrBlockTask
                0x08003594       0x74 build/timers.o
 .text.prvProcessReceivedCommands
                0x08003608      0x10c build/timers.o
 .text.prvTimerTask
                0x08003714       0x16 build/timers.o
 .text.SysTick_Handler
                0x0800372a       0x18 build/cmsis_os2.o
                0x0800372a                SysTick_Handler
 *fill*         0x08003742        0x2 
 .text.osKernelInitialize
                0x08003744       0x24 build/cmsis_os2.o
                0x08003744                osKernelInitialize
 .text.osKernelStart
                0x08003768       0x38 build/cmsis_os2.o
                0x08003768                osKernelStart
 .text.osThreadNew
                0x080037a0       0xbc build/cmsis_os2.o
                0x080037a0                osThreadNew
 .text.osDelay  0x0800385c       0x1c build/cmsis_os2.o
                0x0800385c                osDelay
 .text.vApplicationGetIdleTaskMemory
                0x08003878       0x18 build/cmsis_os2.o
                0x08003878                vApplicationGetIdleTaskMemory
 .text.vApplicationGetTimerTaskMemory
                0x08003890       0x18 build/cmsis_os2.o
                0x08003890                vApplicationGetTimerTaskMemory
 .text.prvHeapInit
                0x080038a8       0x64 build/heap_4.o
 .text.prvInsertBlockIntoFreeList
                0x0800390c       0x64 build/heap_4.o
 .text.pvPortMalloc
                0x08003970       0xfc build/heap_4.o
                0x08003970                pvPortMalloc
 .text.vPortFree
                0x08003a6c       0x7c build/heap_4.o
                0x08003a6c                vPortFree
 .text.prvTaskExitError
                0x08003ae8       0x40 build/port.o
 .text.prvPortStartFirstTask
                0x08003b28       0x28 build/port.o
 .text.vPortEnableVFP
                0x08003b50       0x14 build/port.o
 .text.pxPortInitialiseStack
                0x08003b64       0x2c build/port.o
                0x08003b64                pxPortInitialiseStack
 .text.SVC_Handler
                0x08003b90       0x24 build/port.o
                0x08003b90                SVC_Handler
 .text.vPortEnterCritical
                0x08003bb4       0x44 build/port.o
                0x08003bb4                vPortEnterCritical
 .text.vPortExitCritical
                0x08003bf8       0x2c build/port.o
                0x08003bf8                vPortExitCritical
 *fill*         0x08003c24        0xc 
 .text.PendSV_Handler
                0x08003c30       0x64 build/port.o
                0x08003c30                PendSV_Handler
 .text.xPortSysTickHandler
                0x08003c94       0x2c build/port.o
                0x08003c94                xPortSysTickHandler
 .text.vPortSetupTimerInterrupt
                0x08003cc0       0x28 build/port.o
                0x08003cc0                vPortSetupTimerInterrupt
 .text.xPortStartScheduler
                0x08003ce8      0x118 build/port.o
                0x08003ce8                xPortStartScheduler
 .text.vPortValidateInterruptPriority
                0x08003e00       0x5c build/port.o
                0x08003e00                vPortValidateInterruptPriority
 .text.ADC_Init
                0x08003e5c      0x134 build/stm32f4xx_hal_adc.o
 .text.HAL_ADC_Init
                0x08003f90       0x56 build/stm32f4xx_hal_adc.o
                0x08003f90                HAL_ADC_Init
 .text.HAL_ADC_ConvCpltCallback
                0x08003fe6        0x2 build/stm32f4xx_hal_adc.o
                0x08003fe6                HAL_ADC_ConvCpltCallback
 .text.HAL_ADC_LevelOutOfWindowCallback
                0x08003fe8        0x2 build/stm32f4xx_hal_adc.o
                0x08003fe8                HAL_ADC_LevelOutOfWindowCallback
 .text.HAL_ADC_ErrorCallback
                0x08003fea        0x2 build/stm32f4xx_hal_adc.o
                0x08003fea                HAL_ADC_ErrorCallback
 .text.HAL_ADC_IRQHandler
                0x08003fec      0x142 build/stm32f4xx_hal_adc.o
                0x08003fec                HAL_ADC_IRQHandler
 *fill*         0x0800412e        0x2 
 .text.HAL_ADC_ConfigChannel
                0x08004130      0x1ac build/stm32f4xx_hal_adc.o
                0x08004130                HAL_ADC_ConfigChannel
 .text.HAL_ADCEx_InjectedConvCpltCallback
                0x080042dc        0x2 build/stm32f4xx_hal_adc_ex.o
                0x080042dc                HAL_ADCEx_InjectedConvCpltCallback
 .text.HAL_RNG_Init
                0x080042de       0x2e build/stm32f4xx_hal_rng.o
                0x080042de                HAL_RNG_Init
 .text.HAL_RNG_ReadyDataCallback
                0x0800430c        0x2 build/stm32f4xx_hal_rng.o
                0x0800430c                HAL_RNG_ReadyDataCallback
 .text.HAL_RNG_ErrorCallback
                0x0800430e        0x2 build/stm32f4xx_hal_rng.o
                0x0800430e                HAL_RNG_ErrorCallback
 .text.HAL_RNG_IRQHandler
                0x08004310       0x60 build/stm32f4xx_hal_rng.o
                0x08004310                HAL_RNG_IRQHandler
 .text.Reset_Handler
                0x08004370       0x50 build/startup_stm32f429xx.o
                0x08004370                Reset_Handler
 .text.Default_Handler
                0x080043c0        0x2 build/startup_stm32f429xx.o
                0x080043c0                RTC_Alarm_IRQHandler
                0x080043c0                EXTI2_IRQHandler
                0x080043c0                TIM8_CC_IRQHandler
                0x080043c0                UART8_IRQHandler
                0x080043c0                SPI4_IRQHandler
                0x080043c0                TIM1_CC_IRQHandler
                0x080043c0                DMA2_Stream5_IRQHandler
                0x080043c0                DMA1_Stream5_IRQHandler
                0x080043c0                PVD_IRQHandler
                0x080043c0                SDIO_IRQHandler
                0x080043c0                TAMP_STAMP_IRQHandler
                0x080043c0                CAN2_RX1_IRQHandler
                0x080043c0                EXTI3_IRQHandler
                0x080043c0                TIM8_TRG_COM_TIM14_IRQHandler
                0x080043c0                TIM8_UP_TIM13_IRQHandler
                0x080043c0                I2C3_ER_IRQHandler
                0x080043c0                EXTI0_IRQHandler
                0x080043c0                I2C2_EV_IRQHandler
                0x080043c0                DMA1_Stream2_IRQHandler
                0x080043c0                CAN1_RX0_IRQHandler
                0x080043c0                FPU_IRQHandler
                0x080043c0                OTG_HS_WKUP_IRQHandler
                0x080043c0                LTDC_ER_IRQHandler
                0x080043c0                CAN2_SCE_IRQHandler
                0x080043c0                DMA2_Stream2_IRQHandler
                0x080043c0                SPI1_IRQHandler
                0x080043c0                TIM6_DAC_IRQHandler
                0x080043c0                TIM1_BRK_TIM9_IRQHandler
                0x080043c0                DCMI_IRQHandler
                0x080043c0                CAN2_RX0_IRQHandler
                0x080043c0                DMA2_Stream3_IRQHandler
                0x080043c0                USART6_IRQHandler
                0x080043c0                USART3_IRQHandler
                0x080043c0                CAN1_RX1_IRQHandler
                0x080043c0                UART5_IRQHandler
                0x080043c0                DMA2_Stream0_IRQHandler
                0x080043c0                TIM4_IRQHandler
                0x080043c0                I2C1_EV_IRQHandler
                0x080043c0                DMA1_Stream6_IRQHandler
                0x080043c0                DMA1_Stream1_IRQHandler
                0x080043c0                UART4_IRQHandler
                0x080043c0                TIM3_IRQHandler
                0x080043c0                RCC_IRQHandler
                0x080043c0                TIM8_BRK_TIM12_IRQHandler
                0x080043c0                Default_Handler
                0x080043c0                EXTI15_10_IRQHandler
                0x080043c0                DMA1_Stream7_IRQHandler
                0x080043c0                SPI5_IRQHandler
                0x080043c0                TIM7_IRQHandler
                0x080043c0                CAN2_TX_IRQHandler
                0x080043c0                TIM5_IRQHandler
                0x080043c0                DMA2_Stream7_IRQHandler
                0x080043c0                I2C3_EV_IRQHandler
                0x080043c0                EXTI9_5_IRQHandler
                0x080043c0                RTC_WKUP_IRQHandler
                0x080043c0                LTDC_IRQHandler
                0x080043c0                ETH_WKUP_IRQHandler
                0x080043c0                SPI2_IRQHandler
                0x080043c0                OTG_HS_EP1_IN_IRQHandler
                0x080043c0                DMA1_Stream0_IRQHandler
                0x080043c0                CAN1_TX_IRQHandler
                0x080043c0                EXTI4_IRQHandler
                0x080043c0                ETH_IRQHandler
                0x080043c0                OTG_HS_EP1_OUT_IRQHandler
                0x080043c0                WWDG_IRQHandler
                0x080043c0                SPI6_IRQHandler
                0x080043c0                TIM2_IRQHandler
                0x080043c0                OTG_FS_WKUP_IRQHandler
                0x080043c0                TIM1_TRG_COM_TIM11_IRQHandler
                0x080043c0                OTG_HS_IRQHandler
                0x080043c0                DMA2D_IRQHandler
                0x080043c0                EXTI1_IRQHandler
                0x080043c0                UART7_IRQHandler
                0x080043c0                USART2_IRQHandler
                0x080043c0                I2C2_ER_IRQHandler
                0x080043c0                DMA2_Stream1_IRQHandler
                0x080043c0                CAN1_SCE_IRQHandler
                0x080043c0                FLASH_IRQHandler
                0x080043c0                DMA2_Stream4_IRQHandler
                0x080043c0                USART1_IRQHandler
                0x080043c0                OTG_FS_IRQHandler
                0x080043c0                SPI3_IRQHandler
                0x080043c0                DMA1_Stream4_IRQHandler
                0x080043c0                I2C1_ER_IRQHandler
                0x080043c0                FMC_IRQHandler
                0x080043c0                DMA2_Stream6_IRQHandler
                0x080043c0                SAI1_IRQHandler
                0x080043c0                DMA1_Stream3_IRQHandler
 *fill*         0x080043c2        0x2 
 .text.__libc_init_array
                0x080043c4       0x48 c:/program files (x86)/gnu arm embedded toolchain/10 2021.10/bin/../lib/gcc/arm-none-eabi/10.3.1/../../../../arm-none-eabi/lib/thumb/v7e-m+fp/hard\libc_nano.a(lib_a-init.o)
                0x080043c4                __libc_init_array
 .text.memcpy   0x0800440c       0x1c c:/program files (x86)/gnu arm embedded toolchain/10 2021.10/bin/../lib/gcc/arm-none-eabi/10.3.1/../../../../arm-none-eabi/lib/thumb/v7e-m+fp/hard\libc_nano.a(lib_a-memcpy-stub.o)
                0x0800440c                memcpy
 .text.memset   0x08004428       0x10 c:/program files (x86)/gnu arm embedded toolchain/10 2021.10/bin/../lib/gcc/arm-none-eabi/10.3.1/../../../../arm-none-eabi/lib/thumb/v7e-m+fp/hard\libc_nano.a(lib_a-memset.o)
                0x08004428                memset
 *(.glue_7)
 .glue_7        0x08004438        0x0 linker stubs
 *(.glue_7t)
 .glue_7t       0x08004438        0x0 linker stubs
 *(.eh_frame)
 .eh_frame      0x08004438        0x0 c:/program files (x86)/gnu arm embedded toolchain/10 2021.10/bin/../lib/gcc/arm-none-eabi/10.3.1/thumb/v7e-m+fp/hard/crtbegin.o
 *(.init)
 .init          0x08004438        0x4 c:/program files (x86)/gnu arm embedded toolchain/10 2021.10/bin/../lib/gcc/arm-none-eabi/10.3.1/thumb/v7e-m+fp/hard/crti.o
                0x08004438                _init
 .init          0x0800443c        0x8 c:/program files (x86)/gnu arm embedded toolchain/10 2021.10/bin/../lib/gcc/arm-none-eabi/10.3.1/thumb/v7e-m+fp/hard/crtn.o
 *(.fini)
 .fini          0x08004444        0x4 c:/program files (x86)/gnu arm embedded toolchain/10 2021.10/bin/../lib/gcc/arm-none-eabi/10.3.1/thumb/v7e-m+fp/hard/crti.o
                0x08004444                _fini
 .fini          0x08004448        0x8 c:/program files (x86)/gnu arm embedded toolchain/10 2021.10/bin/../lib/gcc/arm-none-eabi/10.3.1/thumb/v7e-m+fp/hard/crtn.o
                0x08004450                . = ALIGN (0x4)
                0x08004450                _etext = .

.vfp11_veneer   0x08004450        0x0
 .vfp11_veneer  0x08004450        0x0 linker stubs

.v4_bx          0x08004450        0x0
 .v4_bx         0x08004450        0x0 linker stubs

.iplt           0x08004450        0x0
 .iplt          0x08004450        0x0 c:/program files (x86)/gnu arm embedded toolchain/10 2021.10/bin/../lib/gcc/arm-none-eabi/10.3.1/thumb/v7e-m+fp/hard/crtbegin.o

.rodata         0x08004450       0x60
                0x08004450                . = ALIGN (0x4)
 *(.rodata)
 *(.rodata*)
 .rodata.str1.4
                0x08004450        0xc build/main.o
 .rodata.defaultTask_attributes
                0x0800445c       0x24 build/main.o
                0x0800445c                defaultTask_attributes
 .rodata.AHBPrescTable
                0x08004480       0x10 build/system_stm32f4xx.o
                0x08004480                AHBPrescTable
 .rodata.APBPrescTable
                0x08004490        0x8 build/system_stm32f4xx.o
                0x08004490                APBPrescTable
 .rodata.vTaskStartScheduler.str1.4
                0x08004498        0x5 build/tasks.o
 *fill*         0x0800449d        0x3 
 .rodata.prvCheckForValidListAndQueue.str1.4
                0x080044a0        0x5 build/timers.o
 *fill*         0x080044a5        0x3 
 .rodata.xTimerCreateTimerTask.str1.4
                0x080044a8        0x8 build/timers.o
                0x080044b0                . = ALIGN (0x4)

.ARM.extab
 *(.ARM.extab* .gnu.linkonce.armextab.*)

.ARM            0x080044b0        0x8
                0x080044b0                __exidx_start = .
 *(.ARM.exidx*)
 .ARM.exidx     0x080044b0        0x8 c:/program files (x86)/gnu arm embedded toolchain/10 2021.10/bin/../lib/gcc/arm-none-eabi/10.3.1/thumb/v7e-m+fp/hard\libgcc.a(_udivmoddi4.o)
                0x080044b8                __exidx_end = .

.rel.dyn        0x080044b8        0x0
 .rel.iplt      0x080044b8        0x0 c:/program files (x86)/gnu arm embedded toolchain/10 2021.10/bin/../lib/gcc/arm-none-eabi/10.3.1/thumb/v7e-m+fp/hard/crtbegin.o

.preinit_array  0x080044b8        0x0
                0x080044b8                PROVIDE (__preinit_array_start = .)
 *(.preinit_array*)
                0x080044b8                PROVIDE (__preinit_array_end = .)

.init_array     0x080044b8        0x4
                0x080044b8                PROVIDE (__init_array_start = .)
 *(SORT_BY_NAME(.init_array.*))
 *(.init_array*)
 .init_array    0x080044b8        0x4 c:/program files (x86)/gnu arm embedded toolchain/10 2021.10/bin/../lib/gcc/arm-none-eabi/10.3.1/thumb/v7e-m+fp/hard/crtbegin.o
                0x080044bc                PROVIDE (__init_array_end = .)

.fini_array     0x080044bc        0x4
                [!provide]                PROVIDE (__fini_array_start = .)
 *(SORT_BY_NAME(.fini_array.*))
 *(.fini_array*)
 .fini_array    0x080044bc        0x4 c:/program files (x86)/gnu arm embedded toolchain/10 2021.10/bin/../lib/gcc/arm-none-eabi/10.3.1/thumb/v7e-m+fp/hard/crtbegin.o
                [!provide]                PROVIDE (__fini_array_end = .)
                0x080044c0                _sidata = LOADADDR (.data)

.data           0x20000000       0x10 load address 0x080044c0
                0x20000000                . = ALIGN (0x4)
                0x20000000                _sdata = .
 *(.data)
 *(.data*)
 .data.uwTickFreq
                0x20000000        0x1 build/stm32f4xx_hal.o
                0x20000000                uwTickFreq
 *fill*         0x20000001        0x3 
 .data.uwTickPrio
                0x20000004        0x4 build/stm32f4xx_hal.o
                0x20000004                uwTickPrio
 .data.SystemCoreClock
                0x20000008        0x4 build/system_stm32f4xx.o
                0x20000008                SystemCoreClock
 .data.uxCriticalNesting
                0x2000000c        0x4 build/port.o
                0x20000010                . = ALIGN (0x4)
                0x20000010                _edata = .
                0x080044d0                _siccmram = LOADADDR (.ccmram)

.igot.plt       0x20000010        0x0 load address 0x080044d0
 .igot.plt      0x20000010        0x0 c:/program files (x86)/gnu arm embedded toolchain/10 2021.10/bin/../lib/gcc/arm-none-eabi/10.3.1/thumb/v7e-m+fp/hard/crtbegin.o

.ccmram         0x10000000        0x0 load address 0x080044d0
                0x10000000                . = ALIGN (0x4)
                0x10000000                _sccmram = .
 *(.ccmram)
 *(.ccmram*)
                0x10000000                . = ALIGN (0x4)
                0x10000000                _eccmram = .
                0x10000000                . = ALIGN (0x4)

.bss            0x20000010     0x4af0
                0x20000010                _sbss = .
                0x20000010                __bss_start__ = _sbss
 *(.bss)
 .bss           0x20000010       0x1c c:/program files (x86)/gnu arm embedded toolchain/10 2021.10/bin/../lib/gcc/arm-none-eabi/10.3.1/thumb/v7e-m+fp/hard/crtbegin.o
 *(.bss*)
 .bss.defaultTaskHandle
                0x2000002c        0x4 build/main.o
                0x2000002c                defaultTaskHandle
 .bss.hadc1     0x20000030       0x48 build/main.o
                0x20000030                hadc1
 .bss.hltdc     0x20000078       0xa8 build/main.o
                0x20000078                hltdc
 .bss.hrng      0x20000120       0x10 build/main.o
                0x20000120                hrng
 .bss.hrtc      0x20000130       0x20 build/main.o
                0x20000130                hrtc
 .bss.hwwdg     0x20000150       0x14 build/main.o
                0x20000150                hwwdg
 .bss.htim1     0x20000164       0x48 build/stm32f4xx_hal_timebase_tim.o
                0x20000164                htim1
 .bss.uwTick    0x200001ac        0x4 build/stm32f4xx_hal.o
                0x200001ac                uwTick
 .bss.xQueueRegistry
                0x200001b0       0x40 build/queue.o
                0x200001b0                xQueueRegistry
 .bss.pxCurrentTCB
                0x200001f0        0x4 build/tasks.o
                0x200001f0                pxCurrentTCB
 .bss.pxDelayedTaskList
                0x200001f4        0x4 build/tasks.o
 .bss.pxOverflowDelayedTaskList
                0x200001f8        0x4 build/tasks.o
 .bss.pxReadyTasksLists
                0x200001fc      0x460 build/tasks.o
 .bss.uxCurrentNumberOfTasks
                0x2000065c        0x4 build/tasks.o
 .bss.uxDeletedTasksWaitingCleanUp
                0x20000660        0x4 build/tasks.o
 .bss.uxSchedulerSuspended
                0x20000664        0x4 build/tasks.o
 .bss.uxTaskNumber
                0x20000668        0x4 build/tasks.o
 .bss.uxTopReadyPriority
                0x2000066c        0x4 build/tasks.o
 .bss.xDelayedTaskList1
                0x20000670       0x14 build/tasks.o
 .bss.xDelayedTaskList2
                0x20000684       0x14 build/tasks.o
 .bss.xIdleTaskHandle
                0x20000698        0x4 build/tasks.o
 .bss.xNextTaskUnblockTime
                0x2000069c        0x4 build/tasks.o
 .bss.xNumOfOverflows
                0x200006a0        0x4 build/tasks.o
 .bss.xPendedTicks
                0x200006a4        0x4 build/tasks.o
 .bss.xPendingReadyList
                0x200006a8       0x14 build/tasks.o
 .bss.xSchedulerRunning
                0x200006bc        0x4 build/tasks.o
 .bss.xSuspendedTaskList
                0x200006c0       0x14 build/tasks.o
 .bss.xTasksWaitingTermination
                0x200006d4       0x14 build/tasks.o
 .bss.xTickCount
                0x200006e8        0x4 build/tasks.o
 .bss.xYieldPending
                0x200006ec        0x4 build/tasks.o
 .bss.pxCurrentTimerList
                0x200006f0        0x4 build/timers.o
 .bss.pxOverflowTimerList
                0x200006f4        0x4 build/timers.o
 .bss.ucStaticTimerQueueStorage.1
                0x200006f8       0xa0 build/timers.o
 .bss.xActiveTimerList1
                0x20000798       0x14 build/timers.o
 .bss.xActiveTimerList2
                0x200007ac       0x14 build/timers.o
 .bss.xLastTime.2
                0x200007c0        0x4 build/timers.o
 .bss.xStaticTimerQueue.0
                0x200007c4       0x50 build/timers.o
 .bss.xTimerQueue
                0x20000814        0x4 build/timers.o
 .bss.xTimerTaskHandle
                0x20000818        0x4 build/timers.o
 .bss.Idle_Stack.2
                0x2000081c      0x200 build/cmsis_os2.o
 .bss.Idle_TCB.3
                0x20000a1c       0x5c build/cmsis_os2.o
 .bss.KernelState
                0x20000a78        0x4 build/cmsis_os2.o
 .bss.Timer_Stack.0
                0x20000a7c      0x400 build/cmsis_os2.o
 .bss.Timer_TCB.1
                0x20000e7c       0x5c build/cmsis_os2.o
 .bss.pxEnd     0x20000ed8        0x4 build/heap_4.o
 .bss.ucHeap    0x20000edc     0x3c00 build/heap_4.o
 .bss.xBlockAllocatedBit
                0x20004adc        0x4 build/heap_4.o
 .bss.xFreeBytesRemaining
                0x20004ae0        0x4 build/heap_4.o
 .bss.xMinimumEverFreeBytesRemaining
                0x20004ae4        0x4 build/heap_4.o
 .bss.xNumberOfSuccessfulAllocations
                0x20004ae8        0x4 build/heap_4.o
 .bss.xNumberOfSuccessfulFrees
                0x20004aec        0x4 build/heap_4.o
 .bss.xStart    0x20004af0        0x8 build/heap_4.o
 .bss.ucMaxSysCallPriority
                0x20004af8        0x1 build/port.o
 *fill*         0x20004af9        0x3 
 .bss.ulMaxPRIGROUPValue
                0x20004afc        0x4 build/port.o
 *(COMMON)
                0x20004b00                . = ALIGN (0x4)
                0x20004b00                _ebss = .
                0x20004b00                __bss_end__ = _ebss

._user_heap_stack
                0x20004b00      0x600
                0x20004b00                . = ALIGN (0x8)
                [!provide]                PROVIDE (end = .)
                [!provide]                PROVIDE (_end = .)
                0x20004d00                . = (. + _Min_Heap_Size)
 *fill*         0x20004b00      0x200 
                0x20005100                . = (. + _Min_Stack_Size)
 *fill*         0x20004d00      0x400 
                0x20005100                . = ALIGN (0x8)

/DISCARD/
 libc.a(*)
 libm.a(*)
 libgcc.a(*)

.ARM.attributes
                0x00000000       0x30
 *(.ARM.attributes)
 .ARM.attributes
                0x00000000       0x1e c:/program files (x86)/gnu arm embedded toolchain/10 2021.10/bin/../lib/gcc/arm-none-eabi/10.3.1/thumb/v7e-m+fp/hard/crti.o
 .ARM.attributes
                0x0000001e       0x34 c:/program files (x86)/gnu arm embedded toolchain/10 2021.10/bin/../lib/gcc/arm-none-eabi/10.3.1/thumb/v7e-m+fp/hard/crtbegin.o
 .ARM.attributes
                0x00000052       0x34 build/main.o
 .ARM.attributes
                0x00000086       0x34 build/stm32f4xx_it.o
 .ARM.attributes
                0x000000ba       0x34 build/stm32f4xx_hal_msp.o
 .ARM.attributes
                0x000000ee       0x34 build/stm32f4xx_hal_timebase_tim.o
 .ARM.attributes
                0x00000122       0x34 build/stm32f4xx_hal_rcc.o
 .ARM.attributes
                0x00000156       0x34 build/stm32f4xx_hal_rcc_ex.o
 .ARM.attributes
                0x0000018a       0x34 build/stm32f4xx_hal_gpio.o
 .ARM.attributes
                0x000001be       0x34 build/stm32f4xx_hal_cortex.o
 .ARM.attributes
                0x000001f2       0x34 build/stm32f4xx_hal.o
 .ARM.attributes
                0x00000226       0x34 build/stm32f4xx_hal_ltdc.o
 .ARM.attributes
                0x0000025a       0x34 build/stm32f4xx_hal_rtc.o
 .ARM.attributes
                0x0000028e       0x34 build/stm32f4xx_hal_tim.o
 .ARM.attributes
                0x000002c2       0x34 build/stm32f4xx_hal_tim_ex.o
 .ARM.attributes
                0x000002f6       0x34 build/stm32f4xx_hal_wwdg.o
 .ARM.attributes
                0x0000032a       0x34 build/system_stm32f4xx.o
 .ARM.attributes
                0x0000035e       0x34 build/list.o
 .ARM.attributes
                0x00000392       0x34 build/queue.o
 .ARM.attributes
                0x000003c6       0x34 build/tasks.o
 .ARM.attributes
                0x000003fa       0x34 build/timers.o
 .ARM.attributes
                0x0000042e       0x34 build/cmsis_os2.o
 .ARM.attributes
                0x00000462       0x34 build/heap_4.o
 .ARM.attributes
                0x00000496       0x34 build/port.o
 .ARM.attributes
                0x000004ca       0x34 build/stm32f4xx_hal_adc.o
 .ARM.attributes
                0x000004fe       0x34 build/stm32f4xx_hal_adc_ex.o
 .ARM.attributes
                0x00000532       0x34 build/stm32f4xx_hal_rng.o
 .ARM.attributes
                0x00000566       0x21 build/startup_stm32f429xx.o
 .ARM.attributes
                0x00000587       0x34 c:/program files (x86)/gnu arm embedded toolchain/10 2021.10/bin/../lib/gcc/arm-none-eabi/10.3.1/../../../../arm-none-eabi/lib/thumb/v7e-m+fp/hard\libc_nano.a(lib_a-init.o)
 .ARM.attributes
                0x000005bb       0x34 c:/program files (x86)/gnu arm embedded toolchain/10 2021.10/bin/../lib/gcc/arm-none-eabi/10.3.1/../../../../arm-none-eabi/lib/thumb/v7e-m+fp/hard\libc_nano.a(lib_a-memcpy-stub.o)
 .ARM.attributes
                0x000005ef       0x34 c:/program files (x86)/gnu arm embedded toolchain/10 2021.10/bin/../lib/gcc/arm-none-eabi/10.3.1/../../../../arm-none-eabi/lib/thumb/v7e-m+fp/hard\libc_nano.a(lib_a-memset.o)
 .ARM.attributes
                0x00000623       0x1e c:/program files (x86)/gnu arm embedded toolchain/10 2021.10/bin/../lib/gcc/arm-none-eabi/10.3.1/thumb/v7e-m+fp/hard\libgcc.a(_aeabi_uldivmod.o)
 .ARM.attributes
                0x00000641       0x34 c:/program files (x86)/gnu arm embedded toolchain/10 2021.10/bin/../lib/gcc/arm-none-eabi/10.3.1/thumb/v7e-m+fp/hard\libgcc.a(_udivmoddi4.o)
 .ARM.attributes
                0x00000675       0x1e c:/program files (x86)/gnu arm embedded toolchain/10 2021.10/bin/../lib/gcc/arm-none-eabi/10.3.1/thumb/v7e-m+fp/hard\libgcc.a(_dvmd_tls.o)
 .ARM.attributes
                0x00000693       0x1e c:/program files (x86)/gnu arm embedded toolchain/10 2021.10/bin/../lib/gcc/arm-none-eabi/10.3.1/thumb/v7e-m+fp/hard/crtn.o
OUTPUT(build/DiscoF429.elf elf32-littlearm)
LOAD linker stubs
LOAD c:/program files (x86)/gnu arm embedded toolchain/10 2021.10/bin/../lib/gcc/arm-none-eabi/10.3.1/../../../../arm-none-eabi/lib/thumb/v7e-m+fp/hard\libc.a
LOAD c:/program files (x86)/gnu arm embedded toolchain/10 2021.10/bin/../lib/gcc/arm-none-eabi/10.3.1/../../../../arm-none-eabi/lib/thumb/v7e-m+fp/hard\libm.a
LOAD c:/program files (x86)/gnu arm embedded toolchain/10 2021.10/bin/../lib/gcc/arm-none-eabi/10.3.1/thumb/v7e-m+fp/hard\libgcc.a

.debug_info     0x00000000    0x21b02
 .debug_info    0x00000000     0x2336 build/main.o
 .debug_info    0x00002336      0xbc8 build/stm32f4xx_it.o
 .debug_info    0x00002efe     0x1cf9 build/stm32f4xx_hal_msp.o
 .debug_info    0x00004bf7      0xdc8 build/stm32f4xx_hal_timebase_tim.o
 .debug_info    0x000059bf      0xc08 build/stm32f4xx_hal_rcc.o
 .debug_info    0x000065c7      0x8b5 build/stm32f4xx_hal_rcc_ex.o
 .debug_info    0x00006e7c      0x86a build/stm32f4xx_hal_gpio.o
 .debug_info    0x000076e6     0x11aa build/stm32f4xx_hal_cortex.o
 .debug_info    0x00008890      0xb55 build/stm32f4xx_hal.o
 .debug_info    0x000093e5     0x16c2 build/stm32f4xx_hal_ltdc.o
 .debug_info    0x0000aaa7     0x11a7 build/stm32f4xx_hal_rtc.o
 .debug_info    0x0000bc4e     0x4061 build/stm32f4xx_hal_tim.o
 .debug_info    0x0000fcaf     0x1c6a build/stm32f4xx_hal_tim_ex.o
 .debug_info    0x00011919      0x2be build/stm32f4xx_hal_wwdg.o
 .debug_info    0x00011bd7      0x5d5 build/system_stm32f4xx.o
 .debug_info    0x000121ac      0x30f build/list.o
 .debug_info    0x000124bb     0x2968 build/queue.o
 .debug_info    0x00014e23     0x333f build/tasks.o
 .debug_info    0x00018162     0x1bd3 build/timers.o
 .debug_info    0x00019d35     0x4e51 build/cmsis_os2.o
 .debug_info    0x0001eb86      0x61a build/heap_4.o
 .debug_info    0x0001f1a0      0x5c8 build/port.o
 .debug_info    0x0001f768     0x100a build/stm32f4xx_hal_adc.o
 .debug_info    0x00020772      0xdad build/stm32f4xx_hal_adc_ex.o
 .debug_info    0x0002151f      0x5c1 build/stm32f4xx_hal_rng.o
 .debug_info    0x00021ae0       0x22 build/startup_stm32f429xx.o

.debug_abbrev   0x00000000     0x3ea7
 .debug_abbrev  0x00000000      0x2c8 build/main.o
 .debug_abbrev  0x000002c8      0x18d build/stm32f4xx_it.o
 .debug_abbrev  0x00000455      0x247 build/stm32f4xx_hal_msp.o
 .debug_abbrev  0x0000069c      0x202 build/stm32f4xx_hal_timebase_tim.o
 .debug_abbrev  0x0000089e      0x2aa build/stm32f4xx_hal_rcc.o
 .debug_abbrev  0x00000b48      0x1a1 build/stm32f4xx_hal_rcc_ex.o
 .debug_abbrev  0x00000ce9      0x22b build/stm32f4xx_hal_gpio.o
 .debug_abbrev  0x00000f14      0x382 build/stm32f4xx_hal_cortex.o
 .debug_abbrev  0x00001296      0x209 build/stm32f4xx_hal.o
 .debug_abbrev  0x0000149f      0x276 build/stm32f4xx_hal_ltdc.o
 .debug_abbrev  0x00001715      0x249 build/stm32f4xx_hal_rtc.o
 .debug_abbrev  0x0000195e      0x282 build/stm32f4xx_hal_tim.o
 .debug_abbrev  0x00001be0      0x298 build/stm32f4xx_hal_tim_ex.o
 .debug_abbrev  0x00001e78      0x1b9 build/stm32f4xx_hal_wwdg.o
 .debug_abbrev  0x00002031      0x11b build/system_stm32f4xx.o
 .debug_abbrev  0x0000214c      0x124 build/list.o
 .debug_abbrev  0x00002270      0x3c4 build/queue.o
 .debug_abbrev  0x00002634      0x387 build/tasks.o
 .debug_abbrev  0x000029bb      0x366 build/timers.o
 .debug_abbrev  0x00002d21      0x559 build/cmsis_os2.o
 .debug_abbrev  0x0000327a      0x269 build/heap_4.o
 .debug_abbrev  0x000034e3      0x28a build/port.o
 .debug_abbrev  0x0000376d      0x292 build/stm32f4xx_hal_adc.o
 .debug_abbrev  0x000039ff      0x2b5 build/stm32f4xx_hal_adc_ex.o
 .debug_abbrev  0x00003cb4      0x1e1 build/stm32f4xx_hal_rng.o
 .debug_abbrev  0x00003e95       0x12 build/startup_stm32f429xx.o

.debug_loc      0x00000000    0x1b554
 .debug_loc     0x00000000      0x254 build/main.o
 .debug_loc     0x00000254       0x60 build/stm32f4xx_it.o
 .debug_loc     0x000002b4      0x34c build/stm32f4xx_hal_msp.o
 .debug_loc     0x00000600       0xf5 build/stm32f4xx_hal_timebase_tim.o
 .debug_loc     0x000006f5      0x6e4 build/stm32f4xx_hal_rcc.o
 .debug_loc     0x00000dd9      0x5ba build/stm32f4xx_hal_rcc_ex.o
 .debug_loc     0x00001393      0x5e8 build/stm32f4xx_hal_gpio.o
 .debug_loc     0x0000197b      0x7a4 build/stm32f4xx_hal_cortex.o
 .debug_loc     0x0000211f      0x1e1 build/stm32f4xx_hal.o
 .debug_loc     0x00002300     0x1c0a build/stm32f4xx_hal_ltdc.o
 .debug_loc     0x00003f0a     0x10d0 build/stm32f4xx_hal_rtc.o
 .debug_loc     0x00004fda     0x5ba0 build/stm32f4xx_hal_tim.o
 .debug_loc     0x0000ab7a     0x2137 build/stm32f4xx_hal_tim_ex.o
 .debug_loc     0x0000ccb1       0xf2 build/stm32f4xx_hal_wwdg.o
 .debug_loc     0x0000cda3      0x158 build/system_stm32f4xx.o
 .debug_loc     0x0000cefb       0xe5 build/list.o
 .debug_loc     0x0000cfe0     0x1fe4 build/queue.o
 .debug_loc     0x0000efc4     0x2c72 build/tasks.o
 .debug_loc     0x00011c36     0x1586 build/timers.o
 .debug_loc     0x000131bc     0x5dbc build/cmsis_os2.o
 .debug_loc     0x00018f78      0x4e4 build/heap_4.o
 .debug_loc     0x0001945c      0x1c0 build/port.o
 .debug_loc     0x0001961c      0xe2d build/stm32f4xx_hal_adc.o
 .debug_loc     0x0001a449      0xc8a build/stm32f4xx_hal_adc_ex.o
 .debug_loc     0x0001b0d3      0x481 build/stm32f4xx_hal_rng.o

.debug_aranges  0x00000000     0x1658
 .debug_aranges
                0x00000000       0x70 build/main.o
 .debug_aranges
                0x00000070       0x60 build/stm32f4xx_it.o
 .debug_aranges
                0x000000d0       0x68 build/stm32f4xx_hal_msp.o
 .debug_aranges
                0x00000138       0x30 build/stm32f4xx_hal_timebase_tim.o
 .debug_aranges
                0x00000168       0x88 build/stm32f4xx_hal_rcc.o
 .debug_aranges
                0x000001f0       0x58 build/stm32f4xx_hal_rcc_ex.o
 .debug_aranges
                0x00000248       0x58 build/stm32f4xx_hal_gpio.o
 .debug_aranges
                0x000002a0       0xa8 build/stm32f4xx_hal_cortex.o
 .debug_aranges
                0x00000348      0x100 build/stm32f4xx_hal.o
 .debug_aranges
                0x00000448      0x158 build/stm32f4xx_hal_ltdc.o
 .debug_aranges
                0x000005a0       0xe8 build/stm32f4xx_hal_rtc.o
 .debug_aranges
                0x00000688      0x3d0 build/stm32f4xx_hal_tim.o
 .debug_aranges
                0x00000a58      0x168 build/stm32f4xx_hal_tim_ex.o
 .debug_aranges
                0x00000bc0       0x40 build/stm32f4xx_hal_wwdg.o
 .debug_aranges
                0x00000c00       0x28 build/system_stm32f4xx.o
 .debug_aranges
                0x00000c28       0x40 build/list.o
 .debug_aranges
                0x00000c68      0x158 build/queue.o
 .debug_aranges
                0x00000dc0      0x208 build/tasks.o
 .debug_aranges
                0x00000fc8       0xf0 build/timers.o
 .debug_aranges
                0x000010b8      0x2a0 build/cmsis_os2.o
 .debug_aranges
                0x00001358       0x58 build/heap_4.o
 .debug_aranges
                0x000013b0       0x80 build/port.o
 .debug_aranges
                0x00001430       0xe8 build/stm32f4xx_hal_adc.o
 .debug_aranges
                0x00001518       0x90 build/stm32f4xx_hal_adc_ex.o
 .debug_aranges
                0x000015a8       0x88 build/stm32f4xx_hal_rng.o
 .debug_aranges
                0x00001630       0x28 build/startup_stm32f429xx.o

.debug_ranges   0x00000000     0x1778
 .debug_ranges  0x00000000       0x60 build/main.o
 .debug_ranges  0x00000060       0x50 build/stm32f4xx_it.o
 .debug_ranges  0x000000b0       0x58 build/stm32f4xx_hal_msp.o
 .debug_ranges  0x00000108       0x20 build/stm32f4xx_hal_timebase_tim.o
 .debug_ranges  0x00000128       0x90 build/stm32f4xx_hal_rcc.o
 .debug_ranges  0x000001b8       0x48 build/stm32f4xx_hal_rcc_ex.o
 .debug_ranges  0x00000200       0x48 build/stm32f4xx_hal_gpio.o
 .debug_ranges  0x00000248       0xf8 build/stm32f4xx_hal_cortex.o
 .debug_ranges  0x00000340       0xf0 build/stm32f4xx_hal.o
 .debug_ranges  0x00000430      0x148 build/stm32f4xx_hal_ltdc.o
 .debug_ranges  0x00000578       0xd8 build/stm32f4xx_hal_rtc.o
 .debug_ranges  0x00000650      0x3c0 build/stm32f4xx_hal_tim.o
 .debug_ranges  0x00000a10      0x158 build/stm32f4xx_hal_tim_ex.o
 .debug_ranges  0x00000b68       0x30 build/stm32f4xx_hal_wwdg.o
 .debug_ranges  0x00000b98       0x18 build/system_stm32f4xx.o
 .debug_ranges  0x00000bb0       0x30 build/list.o
 .debug_ranges  0x00000be0      0x218 build/queue.o
 .debug_ranges  0x00000df8      0x338 build/tasks.o
 .debug_ranges  0x00001130       0xe0 build/timers.o
 .debug_ranges  0x00001210      0x2a8 build/cmsis_os2.o
 .debug_ranges  0x000014b8       0x48 build/heap_4.o
 .debug_ranges  0x00001500       0x88 build/port.o
 .debug_ranges  0x00001588       0xd8 build/stm32f4xx_hal_adc.o
 .debug_ranges  0x00001660       0x80 build/stm32f4xx_hal_adc_ex.o
 .debug_ranges  0x000016e0       0x78 build/stm32f4xx_hal_rng.o
 .debug_ranges  0x00001758       0x20 build/startup_stm32f429xx.o

.debug_line     0x00000000    0x18f45
 .debug_line    0x00000000      0x8bc build/main.o
 .debug_line    0x000008bc      0x300 build/stm32f4xx_it.o
 .debug_line    0x00000bbc      0x612 build/stm32f4xx_hal_msp.o
 .debug_line    0x000011ce      0x2e2 build/stm32f4xx_hal_timebase_tim.o
 .debug_line    0x000014b0      0xb23 build/stm32f4xx_hal_rcc.o
 .debug_line    0x00001fd3      0x83d build/stm32f4xx_hal_rcc_ex.o
 .debug_line    0x00002810      0x70a build/stm32f4xx_hal_gpio.o
 .debug_line    0x00002f1a      0x78c build/stm32f4xx_hal_cortex.o
 .debug_line    0x000036a6      0x5b1 build/stm32f4xx_hal.o
 .debug_line    0x00003c57     0x197e build/stm32f4xx_hal_ltdc.o
 .debug_line    0x000055d5     0x1045 build/stm32f4xx_hal_rtc.o
 .debug_line    0x0000661a     0x4ab6 build/stm32f4xx_hal_tim.o
 .debug_line    0x0000b0d0     0x1cda build/stm32f4xx_hal_tim_ex.o
 .debug_line    0x0000cdaa      0x285 build/stm32f4xx_hal_wwdg.o
 .debug_line    0x0000d02f      0x264 build/system_stm32f4xx.o
 .debug_line    0x0000d293      0x36d build/list.o
 .debug_line    0x0000d600     0x2068 build/queue.o
 .debug_line    0x0000f668     0x2dc2 build/tasks.o
 .debug_line    0x0001242a      0xf3e build/timers.o
 .debug_line    0x00013368     0x2a0b build/cmsis_os2.o
 .debug_line    0x00015d73      0x750 build/heap_4.o
 .debug_line    0x000164c3      0x71e build/port.o
 .debug_line    0x00016be1     0x10d4 build/stm32f4xx_hal_adc.o
 .debug_line    0x00017cb5      0xc78 build/stm32f4xx_hal_adc_ex.o
 .debug_line    0x0001892d      0x5a2 build/stm32f4xx_hal_rng.o
 .debug_line    0x00018ecf       0x76 build/startup_stm32f429xx.o

.debug_str      0x00000000     0x7cd7
 .debug_str     0x00000000     0x165c build/main.o
                               0x17d0 (size before relaxing)
 .debug_str     0x0000165c       0xe9 build/stm32f4xx_it.o
                                0x9d1 (size before relaxing)
 .debug_str     0x00001745      0x763 build/stm32f4xx_hal_msp.o
                               0x13ec (size before relaxing)
 .debug_str     0x00001ea8      0x100 build/stm32f4xx_hal_timebase_tim.o
                                0xebc (size before relaxing)
 .debug_str     0x00001fa8      0x1e1 build/stm32f4xx_hal_rcc.o
                                0x70c (size before relaxing)
 .debug_str     0x00002189      0x130 build/stm32f4xx_hal_rcc_ex.o
                                0x576 (size before relaxing)
 .debug_str     0x000022b9      0x125 build/stm32f4xx_hal_gpio.o
                                0x4e6 (size before relaxing)
 .debug_str     0x000023de      0x4c5 build/stm32f4xx_hal_cortex.o
                                0xc83 (size before relaxing)
 .debug_str     0x000028a3      0x2ae build/stm32f4xx_hal.o
                                0xbff (size before relaxing)
 .debug_str     0x00002b51      0x4b6 build/stm32f4xx_hal_ltdc.o
                                0x9bb (size before relaxing)
 .debug_str     0x00003007      0x29d build/stm32f4xx_hal_rtc.o
                                0x7d2 (size before relaxing)
 .debug_str     0x000032a4      0xeba build/stm32f4xx_hal_tim.o
                               0x16ac (size before relaxing)
 .debug_str     0x0000415e      0x591 build/stm32f4xx_hal_tim_ex.o
                                0xead (size before relaxing)
 .debug_str     0x000046ef       0x78 build/stm32f4xx_hal_wwdg.o
                                0x2bd (size before relaxing)
 .debug_str     0x00004767       0x47 build/system_stm32f4xx.o
                                0x37b (size before relaxing)
 .debug_str     0x000047ae      0x14d build/list.o
                                0x2f5 (size before relaxing)
 .debug_str     0x000048fb      0xa2a build/queue.o
                                0xd0b (size before relaxing)
 .debug_str     0x00005325      0xc95 build/tasks.o
                               0x12da (size before relaxing)
 .debug_str     0x00005fba      0x5d8 build/timers.o
                                0xc3b (size before relaxing)
 .debug_str     0x00006592      0xc40 build/cmsis_os2.o
                               0x21ab (size before relaxing)
 .debug_str     0x000071d2      0x2bf build/heap_4.o
                                0x503 (size before relaxing)
 .debug_str     0x00007491      0x17d build/port.o
                                0x475 (size before relaxing)
 .debug_str     0x0000760e      0x28c build/stm32f4xx_hal_adc.o
                                0x955 (size before relaxing)
 .debug_str     0x0000789a      0x2dc build/stm32f4xx_hal_adc_ex.o
                                0x9a9 (size before relaxing)
 .debug_str     0x00007b76      0x13d build/stm32f4xx_hal_rng.o
                                0x44c (size before relaxing)
 .debug_str     0x00007cb3       0x24 build/startup_stm32f429xx.o
                                 0x5d (size before relaxing)

.comment        0x00000000       0x49
 .comment       0x00000000       0x49 build/main.o
                                 0x4a (size before relaxing)
 .comment       0x00000049       0x4a build/stm32f4xx_it.o
 .comment       0x00000049       0x4a build/stm32f4xx_hal_msp.o
 .comment       0x00000049       0x4a build/stm32f4xx_hal_timebase_tim.o
 .comment       0x00000049       0x4a build/stm32f4xx_hal_rcc.o
 .comment       0x00000049       0x4a build/stm32f4xx_hal_rcc_ex.o
 .comment       0x00000049       0x4a build/stm32f4xx_hal_gpio.o
 .comment       0x00000049       0x4a build/stm32f4xx_hal_cortex.o
 .comment       0x00000049       0x4a build/stm32f4xx_hal.o
 .comment       0x00000049       0x4a build/stm32f4xx_hal_ltdc.o
 .comment       0x00000049       0x4a build/stm32f4xx_hal_rtc.o
 .comment       0x00000049       0x4a build/stm32f4xx_hal_tim.o
 .comment       0x00000049       0x4a build/stm32f4xx_hal_tim_ex.o
 .comment       0x00000049       0x4a build/stm32f4xx_hal_wwdg.o
 .comment       0x00000049       0x4a build/system_stm32f4xx.o
 .comment       0x00000049       0x4a build/list.o
 .comment       0x00000049       0x4a build/queue.o
 .comment       0x00000049       0x4a build/tasks.o
 .comment       0x00000049       0x4a build/timers.o
 .comment       0x00000049       0x4a build/cmsis_os2.o
 .comment       0x00000049       0x4a build/heap_4.o
 .comment       0x00000049       0x4a build/port.o
 .comment       0x00000049       0x4a build/stm32f4xx_hal_adc.o
 .comment       0x00000049       0x4a build/stm32f4xx_hal_adc_ex.o
 .comment       0x00000049       0x4a build/stm32f4xx_hal_rng.o

.debug_frame    0x00000000     0x3ee8
 .debug_frame   0x00000000      0x13c build/main.o
 .debug_frame   0x0000013c       0xb8 build/stm32f4xx_it.o
 .debug_frame   0x000001f4      0x11c build/stm32f4xx_hal_msp.o
 .debug_frame   0x00000310       0x54 build/stm32f4xx_hal_timebase_tim.o
 .debug_frame   0x00000364      0x16c build/stm32f4xx_hal_rcc.o
 .debug_frame   0x000004d0       0xd8 build/stm32f4xx_hal_rcc_ex.o
 .debug_frame   0x000005a8       0xd8 build/stm32f4xx_hal_gpio.o
 .debug_frame   0x00000680      0x148 build/stm32f4xx_hal_cortex.o
 .debug_frame   0x000007c8      0x20c build/stm32f4xx_hal.o
 .debug_frame   0x000009d4      0x3a8 build/stm32f4xx_hal_ltdc.o
 .debug_frame   0x00000d7c      0x284 build/stm32f4xx_hal_rtc.o
 .debug_frame   0x00001000      0xb0c build/stm32f4xx_hal_tim.o
 .debug_frame   0x00001b0c      0x40c build/stm32f4xx_hal_tim_ex.o
 .debug_frame   0x00001f18       0x74 build/stm32f4xx_hal_wwdg.o
 .debug_frame   0x00001f8c       0x30 build/system_stm32f4xx.o
 .debug_frame   0x00001fbc       0x70 build/list.o
 .debug_frame   0x0000202c      0x458 build/queue.o
 .debug_frame   0x00002484      0x688 build/tasks.o
 .debug_frame   0x00002b0c      0x30c build/timers.o
 .debug_frame   0x00002e18      0x900 build/cmsis_os2.o
 .debug_frame   0x00003718       0xd0 build/heap_4.o
 .debug_frame   0x000037e8      0x110 build/port.o
 .debug_frame   0x000038f8      0x268 build/stm32f4xx_hal_adc.o
 .debug_frame   0x00003b60      0x18c build/stm32f4xx_hal_adc_ex.o
 .debug_frame   0x00003cec      0x128 build/stm32f4xx_hal_rng.o
 .debug_frame   0x00003e14       0x2c c:/program files (x86)/gnu arm embedded toolchain/10 2021.10/bin/../lib/gcc/arm-none-eabi/10.3.1/../../../../arm-none-eabi/lib/thumb/v7e-m+fp/hard\libc_nano.a(lib_a-init.o)
 .debug_frame   0x00003e40       0x28 c:/program files (x86)/gnu arm embedded toolchain/10 2021.10/bin/../lib/gcc/arm-none-eabi/10.3.1/../../../../arm-none-eabi/lib/thumb/v7e-m+fp/hard\libc_nano.a(lib_a-memcpy-stub.o)
 .debug_frame   0x00003e68       0x20 c:/program files (x86)/gnu arm embedded toolchain/10 2021.10/bin/../lib/gcc/arm-none-eabi/10.3.1/../../../../arm-none-eabi/lib/thumb/v7e-m+fp/hard\libc_nano.a(lib_a-memset.o)
 .debug_frame   0x00003e88       0x2c c:/program files (x86)/gnu arm embedded toolchain/10 2021.10/bin/../lib/gcc/arm-none-eabi/10.3.1/thumb/v7e-m+fp/hard\libgcc.a(_aeabi_uldivmod.o)
 .debug_frame   0x00003eb4       0x34 c:/program files (x86)/gnu arm embedded toolchain/10 2021.10/bin/../lib/gcc/arm-none-eabi/10.3.1/thumb/v7e-m+fp/hard\libgcc.a(_udivmoddi4.o)

Cross Reference Table

Symbol                                            File
ADC_IRQHandler                                    build/stm32f4xx_it.o
AHBPrescTable                                     build/system_stm32f4xx.o
                                                  build/stm32f4xx_hal_rcc.o
APBPrescTable                                     build/system_stm32f4xx.o
                                                  build/stm32f4xx_hal_rcc.o
BusFault_Handler                                  build/stm32f4xx_it.o
CAN1_RX0_IRQHandler                               build/startup_stm32f429xx.o
CAN1_RX1_IRQHandler                               build/startup_stm32f429xx.o
CAN1_SCE_IRQHandler                               build/startup_stm32f429xx.o
CAN1_TX_IRQHandler                                build/startup_stm32f429xx.o
CAN2_RX0_IRQHandler                               build/startup_stm32f429xx.o
CAN2_RX1_IRQHandler                               build/startup_stm32f429xx.o
CAN2_SCE_IRQHandler                               build/startup_stm32f429xx.o
CAN2_TX_IRQHandler                                build/startup_stm32f429xx.o
DCMI_IRQHandler                                   build/startup_stm32f429xx.o
DMA1_Stream0_IRQHandler                           build/startup_stm32f429xx.o
DMA1_Stream1_IRQHandler                           build/startup_stm32f429xx.o
DMA1_Stream2_IRQHandler                           build/startup_stm32f429xx.o
DMA1_Stream3_IRQHandler                           build/startup_stm32f429xx.o
DMA1_Stream4_IRQHandler                           build/startup_stm32f429xx.o
DMA1_Stream5_IRQHandler                           build/startup_stm32f429xx.o
DMA1_Stream6_IRQHandler                           build/startup_stm32f429xx.o
DMA1_Stream7_IRQHandler                           build/startup_stm32f429xx.o
DMA2D_IRQHandler                                  build/startup_stm32f429xx.o
DMA2_Stream0_IRQHandler                           build/startup_stm32f429xx.o
DMA2_Stream1_IRQHandler                           build/startup_stm32f429xx.o
DMA2_Stream2_IRQHandler                           build/startup_stm32f429xx.o
DMA2_Stream3_IRQHandler                           build/startup_stm32f429xx.o
DMA2_Stream4_IRQHandler                           build/startup_stm32f429xx.o
DMA2_Stream5_IRQHandler                           build/startup_stm32f429xx.o
DMA2_Stream6_IRQHandler                           build/startup_stm32f429xx.o
DMA2_Stream7_IRQHandler                           build/startup_stm32f429xx.o
DebugMon_Handler                                  build/stm32f4xx_it.o
Default_Handler                                   build/startup_stm32f429xx.o
ETH_IRQHandler                                    build/startup_stm32f429xx.o
ETH_WKUP_IRQHandler                               build/startup_stm32f429xx.o
EXTI0_IRQHandler                                  build/startup_stm32f429xx.o
EXTI15_10_IRQHandler                              build/startup_stm32f429xx.o
EXTI1_IRQHandler                                  build/startup_stm32f429xx.o
EXTI2_IRQHandler                                  build/startup_stm32f429xx.o
EXTI3_IRQHandler                                  build/startup_stm32f429xx.o
EXTI4_IRQHandler                                  build/startup_stm32f429xx.o
EXTI9_5_IRQHandler                                build/startup_stm32f429xx.o
Error_Handler                                     build/main.o
                                                  build/stm32f4xx_hal_msp.o
FLASH_Erase_Sector                                build/stm32f4xx_hal_flash_ex.o
                                                  build/stm32f4xx_hal_flash.o
FLASH_FlushCaches                                 build/stm32f4xx_hal_flash_ex.o
                                                  build/stm32f4xx_hal_flash.o
FLASH_IRQHandler                                  build/startup_stm32f429xx.o
FLASH_WaitForLastOperation                        build/stm32f4xx_hal_flash.o
                                                  build/stm32f4xx_hal_flash_ex.o
FMC_IRQHandler                                    build/startup_stm32f429xx.o
FPU_IRQHandler                                    build/startup_stm32f429xx.o
HAL_ADCEx_InjectedConfigChannel                   build/stm32f4xx_hal_adc_ex.o
HAL_ADCEx_InjectedConvCpltCallback                build/stm32f4xx_hal_adc_ex.o
                                                  build/stm32f4xx_hal_adc.o
HAL_ADCEx_InjectedGetValue                        build/stm32f4xx_hal_adc_ex.o
HAL_ADCEx_InjectedPollForConversion               build/stm32f4xx_hal_adc_ex.o
HAL_ADCEx_InjectedStart                           build/stm32f4xx_hal_adc_ex.o
HAL_ADCEx_InjectedStart_IT                        build/stm32f4xx_hal_adc_ex.o
HAL_ADCEx_InjectedStop                            build/stm32f4xx_hal_adc_ex.o
HAL_ADCEx_InjectedStop_IT                         build/stm32f4xx_hal_adc_ex.o
HAL_ADCEx_MultiModeConfigChannel                  build/stm32f4xx_hal_adc_ex.o
HAL_ADCEx_MultiModeGetValue                       build/stm32f4xx_hal_adc_ex.o
HAL_ADCEx_MultiModeStart_DMA                      build/stm32f4xx_hal_adc_ex.o
HAL_ADCEx_MultiModeStop_DMA                       build/stm32f4xx_hal_adc_ex.o
HAL_ADC_AnalogWDGConfig                           build/stm32f4xx_hal_adc.o
HAL_ADC_ConfigChannel                             build/stm32f4xx_hal_adc.o
                                                  build/main.o
HAL_ADC_ConvCpltCallback                          build/stm32f4xx_hal_adc.o
                                                  build/stm32f4xx_hal_adc_ex.o
HAL_ADC_ConvHalfCpltCallback                      build/stm32f4xx_hal_adc.o
                                                  build/stm32f4xx_hal_adc_ex.o
HAL_ADC_DeInit                                    build/stm32f4xx_hal_adc.o
HAL_ADC_ErrorCallback                             build/stm32f4xx_hal_adc.o
                                                  build/stm32f4xx_hal_adc_ex.o
HAL_ADC_GetError                                  build/stm32f4xx_hal_adc.o
HAL_ADC_GetState                                  build/stm32f4xx_hal_adc.o
HAL_ADC_GetValue                                  build/stm32f4xx_hal_adc.o
HAL_ADC_IRQHandler                                build/stm32f4xx_hal_adc.o
                                                  build/stm32f4xx_it.o
HAL_ADC_Init                                      build/stm32f4xx_hal_adc.o
                                                  build/main.o
HAL_ADC_LevelOutOfWindowCallback                  build/stm32f4xx_hal_adc.o
HAL_ADC_MspDeInit                                 build/stm32f4xx_hal_msp.o
HAL_ADC_MspInit                                   build/stm32f4xx_hal_msp.o
HAL_ADC_PollForConversion                         build/stm32f4xx_hal_adc.o
HAL_ADC_PollForEvent                              build/stm32f4xx_hal_adc.o
HAL_ADC_Start                                     build/stm32f4xx_hal_adc.o
HAL_ADC_Start_DMA                                 build/stm32f4xx_hal_adc.o
HAL_ADC_Start_IT                                  build/stm32f4xx_hal_adc.o
HAL_ADC_Stop                                      build/stm32f4xx_hal_adc.o
HAL_ADC_Stop_DMA                                  build/stm32f4xx_hal_adc.o
HAL_ADC_Stop_IT                                   build/stm32f4xx_hal_adc.o
HAL_DBGMCU_DisableDBGSleepMode                    build/stm32f4xx_hal.o
HAL_DBGMCU_DisableDBGStandbyMode                  build/stm32f4xx_hal.o
HAL_DBGMCU_DisableDBGStopMode                     build/stm32f4xx_hal.o
HAL_DBGMCU_EnableDBGSleepMode                     build/stm32f4xx_hal.o
HAL_DBGMCU_EnableDBGStandbyMode                   build/stm32f4xx_hal.o
HAL_DBGMCU_EnableDBGStopMode                      build/stm32f4xx_hal.o
HAL_DMAEx_ChangeMemory                            build/stm32f4xx_hal_dma_ex.o
HAL_DMAEx_MultiBufferStart                        build/stm32f4xx_hal_dma_ex.o
HAL_DMAEx_MultiBufferStart_IT                     build/stm32f4xx_hal_dma_ex.o
HAL_DMA_Abort                                     build/stm32f4xx_hal_dma.o
                                                  build/stm32f4xx_hal_adc_ex.o
                                                  build/stm32f4xx_hal_adc.o
HAL_DMA_Abort_IT                                  build/stm32f4xx_hal_dma.o
                                                  build/stm32f4xx_hal_tim_ex.o
                                                  build/stm32f4xx_hal_tim.o
HAL_DMA_DeInit                                    build/stm32f4xx_hal_dma.o
HAL_DMA_GetError                                  build/stm32f4xx_hal_dma.o
HAL_DMA_GetState                                  build/stm32f4xx_hal_dma.o
HAL_DMA_IRQHandler                                build/stm32f4xx_hal_dma.o
HAL_DMA_Init                                      build/stm32f4xx_hal_dma.o
HAL_DMA_PollForTransfer                           build/stm32f4xx_hal_dma.o
HAL_DMA_RegisterCallback                          build/stm32f4xx_hal_dma.o
HAL_DMA_Start                                     build/stm32f4xx_hal_dma.o
HAL_DMA_Start_IT                                  build/stm32f4xx_hal_dma.o
                                                  build/stm32f4xx_hal_adc_ex.o
                                                  build/stm32f4xx_hal_adc.o
                                                  build/stm32f4xx_hal_tim_ex.o
                                                  build/stm32f4xx_hal_tim.o
HAL_DMA_UnRegisterCallback                        build/stm32f4xx_hal_dma.o
HAL_DeInit                                        build/stm32f4xx_hal.o
HAL_Delay                                         build/stm32f4xx_hal.o
HAL_DisableCompensationCell                       build/stm32f4xx_hal.o
HAL_DisableMemorySwappingBank                     build/stm32f4xx_hal.o
HAL_EXTI_ClearConfigLine                          build/stm32f4xx_hal_exti.o
HAL_EXTI_ClearPending                             build/stm32f4xx_hal_exti.o
HAL_EXTI_GenerateSWI                              build/stm32f4xx_hal_exti.o
HAL_EXTI_GetConfigLine                            build/stm32f4xx_hal_exti.o
HAL_EXTI_GetHandle                                build/stm32f4xx_hal_exti.o
HAL_EXTI_GetPending                               build/stm32f4xx_hal_exti.o
HAL_EXTI_IRQHandler                               build/stm32f4xx_hal_exti.o
HAL_EXTI_RegisterCallback                         build/stm32f4xx_hal_exti.o
HAL_EXTI_SetConfigLine                            build/stm32f4xx_hal_exti.o
HAL_EnableCompensationCell                        build/stm32f4xx_hal.o
HAL_EnableMemorySwappingBank                      build/stm32f4xx_hal.o
HAL_FLASHEx_AdvOBGetConfig                        build/stm32f4xx_hal_flash_ex.o
HAL_FLASHEx_AdvOBProgram                          build/stm32f4xx_hal_flash_ex.o
HAL_FLASHEx_Erase                                 build/stm32f4xx_hal_flash_ex.o
HAL_FLASHEx_Erase_IT                              build/stm32f4xx_hal_flash_ex.o
HAL_FLASHEx_OBGetConfig                           build/stm32f4xx_hal_flash_ex.o
HAL_FLASHEx_OBProgram                             build/stm32f4xx_hal_flash_ex.o
HAL_FLASHEx_OB_DeSelectPCROP                      build/stm32f4xx_hal_flash_ex.o
HAL_FLASHEx_OB_GetBank2WRP                        build/stm32f4xx_hal_flash_ex.o
HAL_FLASHEx_OB_SelectPCROP                        build/stm32f4xx_hal_flash_ex.o
HAL_FLASH_EndOfOperationCallback                  build/stm32f4xx_hal_flash.o
HAL_FLASH_GetError                                build/stm32f4xx_hal_flash.o
HAL_FLASH_IRQHandler                              build/stm32f4xx_hal_flash.o
HAL_FLASH_Lock                                    build/stm32f4xx_hal_flash.o
HAL_FLASH_OB_Launch                               build/stm32f4xx_hal_flash.o
HAL_FLASH_OB_Lock                                 build/stm32f4xx_hal_flash.o
HAL_FLASH_OB_Unlock                               build/stm32f4xx_hal_flash.o
HAL_FLASH_OperationErrorCallback                  build/stm32f4xx_hal_flash.o
HAL_FLASH_Program                                 build/stm32f4xx_hal_flash.o
HAL_FLASH_Program_IT                              build/stm32f4xx_hal_flash.o
HAL_FLASH_Unlock                                  build/stm32f4xx_hal_flash.o
HAL_GPIO_DeInit                                   build/stm32f4xx_hal_gpio.o
                                                  build/stm32f4xx_hal_msp.o
HAL_GPIO_EXTI_Callback                            build/stm32f4xx_hal_gpio.o
HAL_GPIO_EXTI_IRQHandler                          build/stm32f4xx_hal_gpio.o
HAL_GPIO_Init                                     build/stm32f4xx_hal_gpio.o
                                                  build/stm32f4xx_hal_rcc.o
                                                  build/stm32f4xx_hal_msp.o
                                                  build/main.o
HAL_GPIO_LockPin                                  build/stm32f4xx_hal_gpio.o
HAL_GPIO_ReadPin                                  build/stm32f4xx_hal_gpio.o
HAL_GPIO_TogglePin                                build/stm32f4xx_hal_gpio.o
HAL_GPIO_WritePin                                 build/stm32f4xx_hal_gpio.o
                                                  build/main.o
HAL_GetDEVID                                      build/stm32f4xx_hal.o
HAL_GetHalVersion                                 build/stm32f4xx_hal.o
HAL_GetREVID                                      build/stm32f4xx_hal.o
HAL_GetTick                                       build/stm32f4xx_hal.o
                                                  build/stm32f4xx_hal_rng.o
                                                  build/stm32f4xx_hal_adc_ex.o
                                                  build/stm32f4xx_hal_adc.o
                                                  build/stm32f4xx_hal_rtc_ex.o
                                                  build/stm32f4xx_hal_rtc.o
                                                  build/stm32f4xx_hal_ltdc.o
                                                  build/stm32f4xx_hal_pwr_ex.o
                                                  build/stm32f4xx_hal_dma.o
                                                  build/stm32f4xx_hal_flash.o
                                                  build/stm32f4xx_hal_rcc_ex.o
                                                  build/stm32f4xx_hal_rcc.o
HAL_GetTickFreq                                   build/stm32f4xx_hal.o
HAL_GetTickPrio                                   build/stm32f4xx_hal.o
HAL_GetUIDw0                                      build/stm32f4xx_hal.o
HAL_GetUIDw1                                      build/stm32f4xx_hal.o
HAL_GetUIDw2                                      build/stm32f4xx_hal.o
HAL_IncTick                                       build/stm32f4xx_hal.o
                                                  build/main.o
HAL_Init                                          build/stm32f4xx_hal.o
                                                  build/main.o
HAL_InitTick                                      build/stm32f4xx_hal_timebase_tim.o
                                                  build/stm32f4xx_hal_rcc_ex.o
                                                  build/stm32f4xx_hal_rcc.o
HAL_LTDC_ConfigCLUT                               build/stm32f4xx_hal_ltdc.o
HAL_LTDC_ConfigColorKeying                        build/stm32f4xx_hal_ltdc.o
HAL_LTDC_ConfigColorKeying_NoReload               build/stm32f4xx_hal_ltdc.o
HAL_LTDC_ConfigLayer                              build/stm32f4xx_hal_ltdc.o
                                                  build/main.o
HAL_LTDC_ConfigLayer_NoReload                     build/stm32f4xx_hal_ltdc.o
HAL_LTDC_DeInit                                   build/stm32f4xx_hal_ltdc.o
HAL_LTDC_DisableCLUT                              build/stm32f4xx_hal_ltdc.o
HAL_LTDC_DisableCLUT_NoReload                     build/stm32f4xx_hal_ltdc.o
HAL_LTDC_DisableColorKeying                       build/stm32f4xx_hal_ltdc.o
HAL_LTDC_DisableColorKeying_NoReload              build/stm32f4xx_hal_ltdc.o
HAL_LTDC_DisableDither                            build/stm32f4xx_hal_ltdc.o
HAL_LTDC_EnableCLUT                               build/stm32f4xx_hal_ltdc.o
HAL_LTDC_EnableCLUT_NoReload                      build/stm32f4xx_hal_ltdc.o
HAL_LTDC_EnableColorKeying                        build/stm32f4xx_hal_ltdc.o
HAL_LTDC_EnableColorKeying_NoReload               build/stm32f4xx_hal_ltdc.o
HAL_LTDC_EnableDither                             build/stm32f4xx_hal_ltdc.o
HAL_LTDC_ErrorCallback                            build/stm32f4xx_hal_ltdc.o
HAL_LTDC_GetError                                 build/stm32f4xx_hal_ltdc.o
HAL_LTDC_GetState                                 build/stm32f4xx_hal_ltdc.o
HAL_LTDC_IRQHandler                               build/stm32f4xx_hal_ltdc.o
HAL_LTDC_Init                                     build/stm32f4xx_hal_ltdc.o
                                                  build/main.o
HAL_LTDC_LineEventCallback                        build/stm32f4xx_hal_ltdc.o
HAL_LTDC_MspDeInit                                build/stm32f4xx_hal_msp.o
HAL_LTDC_MspInit                                  build/stm32f4xx_hal_msp.o
HAL_LTDC_ProgramLineEvent                         build/stm32f4xx_hal_ltdc.o
HAL_LTDC_Reload                                   build/stm32f4xx_hal_ltdc.o
HAL_LTDC_ReloadEventCallback                      build/stm32f4xx_hal_ltdc.o
HAL_LTDC_SetAddress                               build/stm32f4xx_hal_ltdc.o
HAL_LTDC_SetAddress_NoReload                      build/stm32f4xx_hal_ltdc.o
HAL_LTDC_SetAlpha                                 build/stm32f4xx_hal_ltdc.o
HAL_LTDC_SetAlpha_NoReload                        build/stm32f4xx_hal_ltdc.o
HAL_LTDC_SetPitch                                 build/stm32f4xx_hal_ltdc.o
HAL_LTDC_SetPitch_NoReload                        build/stm32f4xx_hal_ltdc.o
HAL_LTDC_SetPixelFormat                           build/stm32f4xx_hal_ltdc.o
HAL_LTDC_SetPixelFormat_NoReload                  build/stm32f4xx_hal_ltdc.o
HAL_LTDC_SetWindowPosition                        build/stm32f4xx_hal_ltdc.o
HAL_LTDC_SetWindowPosition_NoReload               build/stm32f4xx_hal_ltdc.o
HAL_LTDC_SetWindowSize                            build/stm32f4xx_hal_ltdc.o
HAL_LTDC_SetWindowSize_NoReload                   build/stm32f4xx_hal_ltdc.o
HAL_MPU_ConfigRegion                              build/stm32f4xx_hal_cortex.o
HAL_MPU_Disable                                   build/stm32f4xx_hal_cortex.o
HAL_MPU_Enable                                    build/stm32f4xx_hal_cortex.o
HAL_MspDeInit                                     build/stm32f4xx_hal.o
HAL_MspInit                                       build/stm32f4xx_hal_msp.o
HAL_NVIC_ClearPendingIRQ                          build/stm32f4xx_hal_cortex.o
HAL_NVIC_DisableIRQ                               build/stm32f4xx_hal_cortex.o
                                                  build/stm32f4xx_hal_msp.o
HAL_NVIC_EnableIRQ                                build/stm32f4xx_hal_cortex.o
                                                  build/stm32f4xx_hal_timebase_tim.o
                                                  build/stm32f4xx_hal_msp.o
HAL_NVIC_GetActive                                build/stm32f4xx_hal_cortex.o
HAL_NVIC_GetPendingIRQ                            build/stm32f4xx_hal_cortex.o
HAL_NVIC_GetPriority                              build/stm32f4xx_hal_cortex.o
HAL_NVIC_GetPriorityGrouping                      build/stm32f4xx_hal_cortex.o
HAL_NVIC_SetPendingIRQ                            build/stm32f4xx_hal_cortex.o
HAL_NVIC_SetPriority                              build/stm32f4xx_hal_cortex.o
                                                  build/stm32f4xx_hal.o
                                                  build/stm32f4xx_hal_timebase_tim.o
                                                  build/stm32f4xx_hal_msp.o
HAL_NVIC_SetPriorityGrouping                      build/stm32f4xx_hal_cortex.o
                                                  build/stm32f4xx_hal.o
HAL_NVIC_SystemReset                              build/stm32f4xx_hal_cortex.o
HAL_PWREx_ControlVoltageScaling                   build/stm32f4xx_hal_pwr_ex.o
HAL_PWREx_DisableBkUpReg                          build/stm32f4xx_hal_pwr_ex.o
HAL_PWREx_DisableFlashPowerDown                   build/stm32f4xx_hal_pwr_ex.o
HAL_PWREx_DisableOverDrive                        build/stm32f4xx_hal_pwr_ex.o
HAL_PWREx_EnableBkUpReg                           build/stm32f4xx_hal_pwr_ex.o
HAL_PWREx_EnableFlashPowerDown                    build/stm32f4xx_hal_pwr_ex.o
HAL_PWREx_EnableOverDrive                         build/stm32f4xx_hal_pwr_ex.o
HAL_PWREx_EnterUnderDriveSTOPMode                 build/stm32f4xx_hal_pwr_ex.o
HAL_PWREx_GetVoltageRange                         build/stm32f4xx_hal_pwr_ex.o
HAL_PWR_ConfigPVD                                 build/stm32f4xx_hal_pwr.o
HAL_PWR_DeInit                                    build/stm32f4xx_hal_pwr.o
HAL_PWR_DisableBkUpAccess                         build/stm32f4xx_hal_pwr.o
HAL_PWR_DisablePVD                                build/stm32f4xx_hal_pwr.o
HAL_PWR_DisableSEVOnPend                          build/stm32f4xx_hal_pwr.o
HAL_PWR_DisableSleepOnExit                        build/stm32f4xx_hal_pwr.o
HAL_PWR_DisableWakeUpPin                          build/stm32f4xx_hal_pwr.o
HAL_PWR_EnableBkUpAccess                          build/stm32f4xx_hal_pwr.o
HAL_PWR_EnablePVD                                 build/stm32f4xx_hal_pwr.o
HAL_PWR_EnableSEVOnPend                           build/stm32f4xx_hal_pwr.o
HAL_PWR_EnableSleepOnExit                         build/stm32f4xx_hal_pwr.o
HAL_PWR_EnableWakeUpPin                           build/stm32f4xx_hal_pwr.o
HAL_PWR_EnterSLEEPMode                            build/stm32f4xx_hal_pwr.o
HAL_PWR_EnterSTANDBYMode                          build/stm32f4xx_hal_pwr.o
HAL_PWR_EnterSTOPMode                             build/stm32f4xx_hal_pwr.o
HAL_PWR_PVDCallback                               build/stm32f4xx_hal_pwr.o
HAL_PWR_PVD_IRQHandler                            build/stm32f4xx_hal_pwr.o
HAL_RCCEx_DisablePLLI2S                           build/stm32f4xx_hal_rcc_ex.o
HAL_RCCEx_DisablePLLSAI                           build/stm32f4xx_hal_rcc_ex.o
HAL_RCCEx_EnablePLLI2S                            build/stm32f4xx_hal_rcc_ex.o
HAL_RCCEx_EnablePLLSAI                            build/stm32f4xx_hal_rcc_ex.o
HAL_RCCEx_GetPeriphCLKConfig                      build/stm32f4xx_hal_rcc_ex.o
HAL_RCCEx_GetPeriphCLKFreq                        build/stm32f4xx_hal_rcc_ex.o
HAL_RCCEx_PeriphCLKConfig                         build/stm32f4xx_hal_rcc_ex.o
                                                  build/stm32f4xx_hal_msp.o
HAL_RCC_CSSCallback                               build/stm32f4xx_hal_rcc.o
HAL_RCC_ClockConfig                               build/stm32f4xx_hal_rcc.o
                                                  build/main.o
HAL_RCC_DeInit                                    build/stm32f4xx_hal_rcc_ex.o
                                                  build/stm32f4xx_hal_rcc.o
HAL_RCC_DisableCSS                                build/stm32f4xx_hal_rcc.o
HAL_RCC_EnableCSS                                 build/stm32f4xx_hal_rcc.o
HAL_RCC_GetClockConfig                            build/stm32f4xx_hal_rcc.o
                                                  build/stm32f4xx_hal_timebase_tim.o
HAL_RCC_GetHCLKFreq                               build/stm32f4xx_hal_rcc.o
HAL_RCC_GetOscConfig                              build/stm32f4xx_hal_rcc.o
HAL_RCC_GetPCLK1Freq                              build/stm32f4xx_hal_rcc.o
HAL_RCC_GetPCLK2Freq                              build/stm32f4xx_hal_rcc.o
                                                  build/stm32f4xx_hal_timebase_tim.o
HAL_RCC_GetSysClockFreq                           build/stm32f4xx_hal_rcc.o
HAL_RCC_MCOConfig                                 build/stm32f4xx_hal_rcc.o
HAL_RCC_NMI_IRQHandler                            build/stm32f4xx_hal_rcc.o
HAL_RCC_OscConfig                                 build/stm32f4xx_hal_rcc.o
                                                  build/main.o
HAL_RNG_DeInit                                    build/stm32f4xx_hal_rng.o
HAL_RNG_ErrorCallback                             build/stm32f4xx_hal_rng.o
HAL_RNG_GenerateRandomNumber                      build/stm32f4xx_hal_rng.o
HAL_RNG_GenerateRandomNumber_IT                   build/stm32f4xx_hal_rng.o
HAL_RNG_GetError                                  build/stm32f4xx_hal_rng.o
HAL_RNG_GetRandomNumber                           build/stm32f4xx_hal_rng.o
HAL_RNG_GetRandomNumber_IT                        build/stm32f4xx_hal_rng.o
HAL_RNG_GetState                                  build/stm32f4xx_hal_rng.o
HAL_RNG_IRQHandler                                build/stm32f4xx_hal_rng.o
                                                  build/stm32f4xx_it.o
HAL_RNG_Init                                      build/stm32f4xx_hal_rng.o
                                                  build/main.o
HAL_RNG_MspDeInit                                 build/stm32f4xx_hal_msp.o
HAL_RNG_MspInit                                   build/stm32f4xx_hal_msp.o
HAL_RNG_ReadLastRandomNumber                      build/stm32f4xx_hal_rng.o
HAL_RNG_ReadyDataCallback                         build/stm32f4xx_hal_rng.o
HAL_RTCEx_AlarmBEventCallback                     build/stm32f4xx_hal_rtc_ex.o
                                                  build/stm32f4xx_hal_rtc.o
HAL_RTCEx_BKUPRead                                build/stm32f4xx_hal_rtc_ex.o
HAL_RTCEx_BKUPWrite                               build/stm32f4xx_hal_rtc_ex.o
HAL_RTCEx_DeactivateCalibrationOutPut             build/stm32f4xx_hal_rtc_ex.o
HAL_RTCEx_DeactivateCoarseCalib                   build/stm32f4xx_hal_rtc_ex.o
HAL_RTCEx_DeactivateRefClock                      build/stm32f4xx_hal_rtc_ex.o
HAL_RTCEx_DeactivateTamper                        build/stm32f4xx_hal_rtc_ex.o
HAL_RTCEx_DeactivateTimeStamp                     build/stm32f4xx_hal_rtc_ex.o
HAL_RTCEx_DeactivateWakeUpTimer                   build/stm32f4xx_hal_rtc_ex.o
HAL_RTCEx_DisableBypassShadow                     build/stm32f4xx_hal_rtc_ex.o
HAL_RTCEx_EnableBypassShadow                      build/stm32f4xx_hal_rtc_ex.o
HAL_RTCEx_GetTimeStamp                            build/stm32f4xx_hal_rtc_ex.o
HAL_RTCEx_GetWakeUpTimer                          build/stm32f4xx_hal_rtc_ex.o
HAL_RTCEx_PollForAlarmBEvent                      build/stm32f4xx_hal_rtc_ex.o
HAL_RTCEx_PollForTamper1Event                     build/stm32f4xx_hal_rtc_ex.o
HAL_RTCEx_PollForTamper2Event                     build/stm32f4xx_hal_rtc_ex.o
HAL_RTCEx_PollForTimeStampEvent                   build/stm32f4xx_hal_rtc_ex.o
HAL_RTCEx_PollForWakeUpTimerEvent                 build/stm32f4xx_hal_rtc_ex.o
HAL_RTCEx_SetCalibrationOutPut                    build/stm32f4xx_hal_rtc_ex.o
HAL_RTCEx_SetCoarseCalib                          build/stm32f4xx_hal_rtc_ex.o
HAL_RTCEx_SetRefClock                             build/stm32f4xx_hal_rtc_ex.o
HAL_RTCEx_SetSmoothCalib                          build/stm32f4xx_hal_rtc_ex.o
HAL_RTCEx_SetSynchroShift                         build/stm32f4xx_hal_rtc_ex.o
HAL_RTCEx_SetTamper                               build/stm32f4xx_hal_rtc_ex.o
HAL_RTCEx_SetTamper_IT                            build/stm32f4xx_hal_rtc_ex.o
HAL_RTCEx_SetTimeStamp                            build/stm32f4xx_hal_rtc_ex.o
HAL_RTCEx_SetTimeStamp_IT                         build/stm32f4xx_hal_rtc_ex.o
HAL_RTCEx_SetWakeUpTimer                          build/stm32f4xx_hal_rtc_ex.o
HAL_RTCEx_SetWakeUpTimer_IT                       build/stm32f4xx_hal_rtc_ex.o
HAL_RTCEx_Tamper1EventCallback                    build/stm32f4xx_hal_rtc_ex.o
HAL_RTCEx_Tamper2EventCallback                    build/stm32f4xx_hal_rtc_ex.o
HAL_RTCEx_TamperTimeStampIRQHandler               build/stm32f4xx_hal_rtc_ex.o
HAL_RTCEx_TimeStampEventCallback                  build/stm32f4xx_hal_rtc_ex.o
HAL_RTCEx_WakeUpTimerEventCallback                build/stm32f4xx_hal_rtc_ex.o
HAL_RTCEx_WakeUpTimerIRQHandler                   build/stm32f4xx_hal_rtc_ex.o
HAL_RTC_AlarmAEventCallback                       build/stm32f4xx_hal_rtc.o
HAL_RTC_AlarmIRQHandler                           build/stm32f4xx_hal_rtc.o
HAL_RTC_DST_Add1Hour                              build/stm32f4xx_hal_rtc.o
HAL_RTC_DST_ClearStoreOperation                   build/stm32f4xx_hal_rtc.o
HAL_RTC_DST_ReadStoreOperation                    build/stm32f4xx_hal_rtc.o
HAL_RTC_DST_SetStoreOperation                     build/stm32f4xx_hal_rtc.o
HAL_RTC_DST_Sub1Hour                              build/stm32f4xx_hal_rtc.o
HAL_RTC_DeInit                                    build/stm32f4xx_hal_rtc.o
HAL_RTC_DeactivateAlarm                           build/stm32f4xx_hal_rtc.o
HAL_RTC_GetAlarm                                  build/stm32f4xx_hal_rtc.o
HAL_RTC_GetDate                                   build/stm32f4xx_hal_rtc.o
HAL_RTC_GetState                                  build/stm32f4xx_hal_rtc.o
HAL_RTC_GetTime                                   build/stm32f4xx_hal_rtc.o
HAL_RTC_Init                                      build/stm32f4xx_hal_rtc.o
                                                  build/main.o
HAL_RTC_MspDeInit                                 build/stm32f4xx_hal_msp.o
HAL_RTC_MspInit                                   build/stm32f4xx_hal_msp.o
HAL_RTC_PollForAlarmAEvent                        build/stm32f4xx_hal_rtc.o
HAL_RTC_SetAlarm                                  build/stm32f4xx_hal_rtc.o